// Jest Snapshot v1, https://goo.gl/fbAQLP

exports[`Site admin user table invite dialog test General Snapshot 1`] = `
<div
  className="site-admin-invite-people-dialog"
>
  <div
    className="title"
  >
    <div
      className="panel-title-bar"
      panel-title-bar="true"
    >
      <h1>
        Invite People
      </h1>
      <i
        className="icon-light-x"
        data-tip="Close"
        onClick={[Function]}
      />
    </div>
  </div>
  <div
    className="contents"
  >
    <div
      className="invite-people-to-field"
    >
      <div
        className="label"
      >
        To
      </div>
      <div
        className="token-editor"
        onClick={[Function]}
      >
        <span
          className="placeholder"
        >
          Enter an email address
        </span>
        <input
          className="token"
          maxLength={64}
          onBlur={[Function]}
          onChange={[Function]}
          onKeyDown={[Function]}
          value=""
        />
      </div>
      <div
        className="nti-file-input"
      >
        <span
          accept=".csv"
          aria-label="Upload CSV File"
          className="button file-picker"
          data-tip="Upload CSV File"
          onChange={[Function]}
          onDrop={[Function]}
          role="button"
        >
          <input
            accept=".csv"
            onChange={[Function]}
            onDrop={[Function]}
            type="file"
          />
          <span>
            <i
              className="small icon-upload"
            />
            <span>
              Upload CSV File
            </span>
          </span>
        </span>
        <span
          className="file-select-filename"
        >
          <span
            className="nofile"
          >
            
          </span>
        </span>
      </div>
    </div>
    <div
      className="invite-people-role-field"
    >
      <div
        className="label"
      >
        Role
      </div>
      <div
        className="nti-select-native-wrapper"
      >
        <span
          className="icon-chevron-down small"
          role="presentation"
        />
        <span
          className="nti-select-value"
          role="presentation"
        >
          Learner
        </span>
        <select
          className="nti-select-native invite-select"
          onChange={[Function]}
          value="learner"
        >
          <option
            value="learner"
          >
            Learner
          </option>
          <option
            value="admin"
          >
            Administrator
          </option>
        </select>
      </div>
    </div>
    <div
      className="invite-people-message-field"
    >
      <div
        className="textarea-container"
      >
        <textarea
          className="textarea textarea-text"
          onChange={[Function]}
          onKeyDown={[Function]}
          placeholder="Write a personal message..."
          type="text"
          value=""
        />
      </div>
    </div>
  </div>
  <div
    className="dialog-buttons"
  >
    <button
      className="nti-button button save disabled primary plain"
      onClick={[Function]}
      onKeyDown={[Function]}
      role="button"
      tabIndex="0"
    >
      Send
    </button>
    <button
      className="nti-button button cancel secondary plain"
      onClick={[Function]}
      onKeyDown={[Function]}
      role="button"
      tabIndex="0"
    >
      Cancel
    </button>
  </div>
</div>
`;
