// Jest Snapshot v1, https://goo.gl/fbAQLP

exports[`Site admin user frame test Basic render test 1`] = `
<div
  className="site-admin-user-view"
>
  <div
    className="nav-content-container"
  >
    <div
      className="nav-content-nav nav-bar"
    >
      <div
        className="header"
      >
        <div
          className="nti-link-to-path"
          to="../.."
        >
          <i
            className="icon-chevron-left"
          />
          <span>
            Back to People
          </span>
        </div>
      </div>
      <div
        className="site-admin-card site-admin-user-nav-bar"
      >
        <div
          className="site-admin-user-identity"
        >
          <img
            alt="Avatar for undefined"
            className="avatar avatar-color-6"
            src="data:image/gif;base64,R0lGODlhAQABAIAAAAAAAP///yH5BAEAAAAALAAAAAABAAEAAAIBRAA7"
          />
          <span
            className="username"
            rel="author"
          />
          <div
            className="actions"
          >
            <span
              className="email"
            />
            <div
              className="nti-link-to-path profile"
              to="#"
            >
              <i
                className="icon-goto"
              />
              <span>
                Profile
              </span>
            </div>
          </div>
        </div>
        <ul
          className="unadorned-list site-admin-tabs"
        >
          <li>
            <div
              className="nti-link-to-path"
              exact={true}
              to="./"
            >
              Overview
            </div>
          </li>
          <li />
          <li>
            <div
              className="nti-link-to-path"
              to="./courses"
            >
              NextThought.view.library.View.course
            </div>
          </li>
          <li>
            <div
              className="nti-link-to-path"
              to="./transcript"
            >
              Transcript
            </div>
          </li>
          <li>
            <div
              className="nti-link-to-path"
              to="./reports"
            >
              Reports
            </div>
          </li>
        </ul>
      </div>
    </div>
    <div
      className="nav-content-content content"
    />
  </div>
</div>
`;
