// Jest Snapshot v1, https://goo.gl/fbAQLP

exports[`Site admin user book overview test Basic render test 1`] = `
<div
  className="site-admin-book-overview"
>
  <div
    className="site-admin-row"
  >
    <div
      className="active-users"
    >
      <div
        className="dashboard-list-widget active-users"
      >
        <div
          className="header"
        >
          <div
            className="title"
          >
            Top Learners
          </div>
          <div
            className="pager"
          >
            <div
              className="page-control previous disabled"
              onClick={[Function]}
            >
              <i
                className="icon-chevron-left"
              />
            </div>
            <div
              className="page-control next disabled"
              onClick={[Function]}
            >
              <i
                className="icon-chevron-right"
              />
            </div>
          </div>
        </div>
        <div
          className="no-items"
        >
          No top learners found
        </div>
      </div>
    </div>
  </div>
  <div
    className="active-days"
  >
    <div
      className="admin-active-days"
    >
      <div
        className="daily-activity-header"
      >
        Daily Activity
      </div>
      <div
        className="no-data"
      >
        No activity found
      </div>
    </div>
  </div>
  <div
    className="active-times"
  >
    <div
      className="active-times-widget"
    >
      <div
        className="active-times-header"
      >
        Active Times
      </div>
      <div
        className="active-times-chart"
      >
        <div
          className="active-blocks"
        >
          <div
            className="active-block"
            style={
              Object {
                "backgroundColor": "#efefef",
              }
            }
          />
          <div
            className="active-block"
            style={
              Object {
                "backgroundColor": "#efefef",
              }
            }
          />
          <div
            className="active-block"
            style={
              Object {
                "backgroundColor": "#efefef",
              }
            }
          />
          <div
            className="active-block"
            style={
              Object {
                "backgroundColor": "#efefef",
              }
            }
          />
          <div
            className="active-block"
            style={
              Object {
                "backgroundColor": "#efefef",
              }
            }
          />
          <div
            className="active-block"
            style={
              Object {
                "backgroundColor": "#efefef",
              }
            }
          />
          <div
            className="active-block"
            style={
              Object {
                "backgroundColor": "#efefef",
              }
            }
          />
          <div
            className="time-label"
          >
            12 AM
          </div>
        </div>
        <div
          className="active-blocks"
        >
          <div
            className="active-block"
            style={
              Object {
                "backgroundColor": "#efefef",
              }
            }
          />
          <div
            className="active-block"
            style={
              Object {
                "backgroundColor": "#efefef",
              }
            }
          />
          <div
            className="active-block"
            style={
              Object {
                "backgroundColor": "#efefef",
              }
            }
          />
          <div
            className="active-block"
            style={
              Object {
                "backgroundColor": "#efefef",
              }
            }
          />
          <div
            className="active-block"
            style={
              Object {
                "backgroundColor": "#efefef",
              }
            }
          />
          <div
            className="active-block"
            style={
              Object {
                "backgroundColor": "#efefef",
              }
            }
          />
          <div
            className="active-block"
            style={
              Object {
                "backgroundColor": "#efefef",
              }
            }
          />
          <div
            className="time-label"
          >
            2 AM
          </div>
        </div>
        <div
          className="active-blocks"
        >
          <div
            className="active-block"
            style={
              Object {
                "backgroundColor": "#efefef",
              }
            }
          />
          <div
            className="active-block"
            style={
              Object {
                "backgroundColor": "#efefef",
              }
            }
          />
          <div
            className="active-block"
            style={
              Object {
                "backgroundColor": "#efefef",
              }
            }
          />
          <div
            className="active-block"
            style={
              Object {
                "backgroundColor": "#efefef",
              }
            }
          />
          <div
            className="active-block"
            style={
              Object {
                "backgroundColor": "#efefef",
              }
            }
          />
          <div
            className="active-block"
            style={
              Object {
                "backgroundColor": "#efefef",
              }
            }
          />
          <div
            className="active-block"
            style={
              Object {
                "backgroundColor": "#efefef",
              }
            }
          />
          <div
            className="time-label"
          >
            4 AM
          </div>
        </div>
        <div
          className="active-blocks"
        >
          <div
            className="active-block"
            style={
              Object {
                "backgroundColor": "#efefef",
              }
            }
          />
          <div
            className="active-block"
            style={
              Object {
                "backgroundColor": "#efefef",
              }
            }
          />
          <div
            className="active-block"
            style={
              Object {
                "backgroundColor": "#efefef",
              }
            }
          />
          <div
            className="active-block"
            style={
              Object {
                "backgroundColor": "#efefef",
              }
            }
          />
          <div
            className="active-block"
            style={
              Object {
                "backgroundColor": "#efefef",
              }
            }
          />
          <div
            className="active-block"
            style={
              Object {
                "backgroundColor": "#efefef",
              }
            }
          />
          <div
            className="active-block"
            style={
              Object {
                "backgroundColor": "#efefef",
              }
            }
          />
          <div
            className="time-label"
          >
            6 AM
          </div>
        </div>
        <div
          className="active-blocks"
        >
          <div
            className="active-block"
            style={
              Object {
                "backgroundColor": "#efefef",
              }
            }
          />
          <div
            className="active-block"
            style={
              Object {
                "backgroundColor": "#efefef",
              }
            }
          />
          <div
            className="active-block"
            style={
              Object {
                "backgroundColor": "#efefef",
              }
            }
          />
          <div
            className="active-block"
            style={
              Object {
                "backgroundColor": "#efefef",
              }
            }
          />
          <div
            className="active-block"
            style={
              Object {
                "backgroundColor": "#efefef",
              }
            }
          />
          <div
            className="active-block"
            style={
              Object {
                "backgroundColor": "#efefef",
              }
            }
          />
          <div
            className="active-block"
            style={
              Object {
                "backgroundColor": "#efefef",
              }
            }
          />
          <div
            className="time-label"
          >
            8 AM
          </div>
        </div>
        <div
          className="active-blocks"
        >
          <div
            className="active-block"
            style={
              Object {
                "backgroundColor": "#efefef",
              }
            }
          />
          <div
            className="active-block"
            style={
              Object {
                "backgroundColor": "#efefef",
              }
            }
          />
          <div
            className="active-block"
            style={
              Object {
                "backgroundColor": "#efefef",
              }
            }
          />
          <div
            className="active-block"
            style={
              Object {
                "backgroundColor": "#efefef",
              }
            }
          />
          <div
            className="active-block"
            style={
              Object {
                "backgroundColor": "#efefef",
              }
            }
          />
          <div
            className="active-block"
            style={
              Object {
                "backgroundColor": "#efefef",
              }
            }
          />
          <div
            className="active-block"
            style={
              Object {
                "backgroundColor": "#efefef",
              }
            }
          />
          <div
            className="time-label"
          >
            10 AM
          </div>
        </div>
        <div
          className="active-blocks"
        >
          <div
            className="active-block"
            style={
              Object {
                "backgroundColor": "#efefef",
              }
            }
          />
          <div
            className="active-block"
            style={
              Object {
                "backgroundColor": "#efefef",
              }
            }
          />
          <div
            className="active-block"
            style={
              Object {
                "backgroundColor": "#efefef",
              }
            }
          />
          <div
            className="active-block"
            style={
              Object {
                "backgroundColor": "#efefef",
              }
            }
          />
          <div
            className="active-block"
            style={
              Object {
                "backgroundColor": "#efefef",
              }
            }
          />
          <div
            className="active-block"
            style={
              Object {
                "backgroundColor": "#efefef",
              }
            }
          />
          <div
            className="active-block"
            style={
              Object {
                "backgroundColor": "#efefef",
              }
            }
          />
          <div
            className="time-label"
          >
            12 PM
          </div>
        </div>
        <div
          className="active-blocks"
        >
          <div
            className="active-block"
            style={
              Object {
                "backgroundColor": "#efefef",
              }
            }
          />
          <div
            className="active-block"
            style={
              Object {
                "backgroundColor": "#efefef",
              }
            }
          />
          <div
            className="active-block"
            style={
              Object {
                "backgroundColor": "#efefef",
              }
            }
          />
          <div
            className="active-block"
            style={
              Object {
                "backgroundColor": "#efefef",
              }
            }
          />
          <div
            className="active-block"
            style={
              Object {
                "backgroundColor": "#efefef",
              }
            }
          />
          <div
            className="active-block"
            style={
              Object {
                "backgroundColor": "#efefef",
              }
            }
          />
          <div
            className="active-block"
            style={
              Object {
                "backgroundColor": "#efefef",
              }
            }
          />
          <div
            className="time-label"
          >
            2 PM
          </div>
        </div>
        <div
          className="active-blocks"
        >
          <div
            className="active-block"
            style={
              Object {
                "backgroundColor": "#efefef",
              }
            }
          />
          <div
            className="active-block"
            style={
              Object {
                "backgroundColor": "#efefef",
              }
            }
          />
          <div
            className="active-block"
            style={
              Object {
                "backgroundColor": "#efefef",
              }
            }
          />
          <div
            className="active-block"
            style={
              Object {
                "backgroundColor": "#efefef",
              }
            }
          />
          <div
            className="active-block"
            style={
              Object {
                "backgroundColor": "#efefef",
              }
            }
          />
          <div
            className="active-block"
            style={
              Object {
                "backgroundColor": "#efefef",
              }
            }
          />
          <div
            className="active-block"
            style={
              Object {
                "backgroundColor": "#efefef",
              }
            }
          />
          <div
            className="time-label"
          >
            4 PM
          </div>
        </div>
        <div
          className="active-blocks"
        >
          <div
            className="active-block"
            style={
              Object {
                "backgroundColor": "#efefef",
              }
            }
          />
          <div
            className="active-block"
            style={
              Object {
                "backgroundColor": "#efefef",
              }
            }
          />
          <div
            className="active-block"
            style={
              Object {
                "backgroundColor": "#efefef",
              }
            }
          />
          <div
            className="active-block"
            style={
              Object {
                "backgroundColor": "#efefef",
              }
            }
          />
          <div
            className="active-block"
            style={
              Object {
                "backgroundColor": "#efefef",
              }
            }
          />
          <div
            className="active-block"
            style={
              Object {
                "backgroundColor": "#efefef",
              }
            }
          />
          <div
            className="active-block"
            style={
              Object {
                "backgroundColor": "#efefef",
              }
            }
          />
          <div
            className="time-label"
          >
            6 PM
          </div>
        </div>
        <div
          className="active-blocks"
        >
          <div
            className="active-block"
            style={
              Object {
                "backgroundColor": "#efefef",
              }
            }
          />
          <div
            className="active-block"
            style={
              Object {
                "backgroundColor": "#efefef",
              }
            }
          />
          <div
            className="active-block"
            style={
              Object {
                "backgroundColor": "#efefef",
              }
            }
          />
          <div
            className="active-block"
            style={
              Object {
                "backgroundColor": "#efefef",
              }
            }
          />
          <div
            className="active-block"
            style={
              Object {
                "backgroundColor": "#efefef",
              }
            }
          />
          <div
            className="active-block"
            style={
              Object {
                "backgroundColor": "#efefef",
              }
            }
          />
          <div
            className="active-block"
            style={
              Object {
                "backgroundColor": "#efefef",
              }
            }
          />
          <div
            className="time-label"
          >
            8 PM
          </div>
        </div>
        <div
          className="active-blocks"
        >
          <div
            className="active-block"
            style={
              Object {
                "backgroundColor": "#efefef",
              }
            }
          />
          <div
            className="active-block"
            style={
              Object {
                "backgroundColor": "#efefef",
              }
            }
          />
          <div
            className="active-block"
            style={
              Object {
                "backgroundColor": "#efefef",
              }
            }
          />
          <div
            className="active-block"
            style={
              Object {
                "backgroundColor": "#efefef",
              }
            }
          />
          <div
            className="active-block"
            style={
              Object {
                "backgroundColor": "#efefef",
              }
            }
          />
          <div
            className="active-block"
            style={
              Object {
                "backgroundColor": "#efefef",
              }
            }
          />
          <div
            className="active-block"
            style={
              Object {
                "backgroundColor": "#efefef",
              }
            }
          />
          <div
            className="time-label"
          >
            10 PM
          </div>
        </div>
        <div
          className="days-of-week"
        >
          <div
            className="day"
          >
            Sun
          </div>
          <div
            className="day"
          >
            Mon
          </div>
          <div
            className="day"
          >
            Tues
          </div>
          <div
            className="day"
          >
            Wed
          </div>
          <div
            className="day"
          >
            Thur
          </div>
          <div
            className="day"
          >
            Fri
          </div>
          <div
            className="day"
          >
            Sat
          </div>
        </div>
      </div>
      <div
        className="active-times-popular"
      >
        <div
          className="active-times-popular-header"
        >
          Most Popular Time
        </div>
        <div
          className="active-times-popular-content"
        >
          No Activity Found
        </div>
      </div>
    </div>
  </div>
</div>
`;
