// Jest Snapshot v1, https://goo.gl/fbAQLP

exports[`Site admin dashboard widget active times Basic render test 1`] = `
<div
  className="active-times-widget"
>
  <div
    className="active-times-header"
  >
    Active Times
  </div>
  <div
    className="active-times-chart"
  >
    <div
      className="active-blocks"
    >
      <div
        className="active-block"
        style={
          Object {
            "backgroundColor": "#3182bd",
          }
        }
      />
      <div
        className="active-block"
        style={
          Object {
            "backgroundColor": "#6baed6",
          }
        }
      />
      <div
        className="active-block"
        style={
          Object {
            "backgroundColor": "#6baed6",
          }
        }
      />
      <div
        className="active-block"
        style={
          Object {
            "backgroundColor": "#3182bd",
          }
        }
      />
      <div
        className="active-block"
        style={
          Object {
            "backgroundColor": "#3182bd",
          }
        }
      />
      <div
        className="active-block"
        style={
          Object {
            "backgroundColor": "#efefef",
          }
        }
      />
      <div
        className="active-block"
        style={
          Object {
            "backgroundColor": "#6baed6",
          }
        }
      />
      <div
        className="time-label"
      >
        12 AM
      </div>
    </div>
    <div
      className="active-blocks"
    >
      <div
        className="active-block"
        style={
          Object {
            "backgroundColor": "#efefef",
          }
        }
      />
      <div
        className="active-block"
        style={
          Object {
            "backgroundColor": "#efefef",
          }
        }
      />
      <div
        className="active-block"
        style={
          Object {
            "backgroundColor": "#efefef",
          }
        }
      />
      <div
        className="active-block"
        style={
          Object {
            "backgroundColor": "#9ecae1",
          }
        }
      />
      <div
        className="active-block"
        style={
          Object {
            "backgroundColor": "#efefef",
          }
        }
      />
      <div
        className="active-block"
        style={
          Object {
            "backgroundColor": "#3182bd",
          }
        }
      />
      <div
        className="active-block"
        style={
          Object {
            "backgroundColor": "#efefef",
          }
        }
      />
      <div
        className="time-label"
      >
        2 AM
      </div>
    </div>
    <div
      className="active-blocks"
    >
      <div
        className="active-block"
        style={
          Object {
            "backgroundColor": "#efefef",
          }
        }
      />
      <div
        className="active-block"
        style={
          Object {
            "backgroundColor": "#efefef",
          }
        }
      />
      <div
        className="active-block"
        style={
          Object {
            "backgroundColor": "#efefef",
          }
        }
      />
      <div
        className="active-block"
        style={
          Object {
            "backgroundColor": "#efefef",
          }
        }
      />
      <div
        className="active-block"
        style={
          Object {
            "backgroundColor": "#efefef",
          }
        }
      />
      <div
        className="active-block"
        style={
          Object {
            "backgroundColor": "#9ecae1",
          }
        }
      />
      <div
        className="active-block"
        style={
          Object {
            "backgroundColor": "#efefef",
          }
        }
      />
      <div
        className="time-label"
      >
        4 AM
      </div>
    </div>
    <div
      className="active-blocks"
    >
      <div
        className="active-block"
        style={
          Object {
            "backgroundColor": "#efefef",
          }
        }
      />
      <div
        className="active-block"
        style={
          Object {
            "backgroundColor": "#efefef",
          }
        }
      />
      <div
        className="active-block"
        style={
          Object {
            "backgroundColor": "#efefef",
          }
        }
      />
      <div
        className="active-block"
        style={
          Object {
            "backgroundColor": "#efefef",
          }
        }
      />
      <div
        className="active-block"
        style={
          Object {
            "backgroundColor": "#efefef",
          }
        }
      />
      <div
        className="active-block"
        style={
          Object {
            "backgroundColor": "#3182bd",
          }
        }
      />
      <div
        className="active-block"
        style={
          Object {
            "backgroundColor": "#efefef",
          }
        }
      />
      <div
        className="time-label"
      >
        6 AM
      </div>
    </div>
    <div
      className="active-blocks"
    >
      <div
        className="active-block"
        style={
          Object {
            "backgroundColor": "#efefef",
          }
        }
      />
      <div
        className="active-block"
        style={
          Object {
            "backgroundColor": "#efefef",
          }
        }
      />
      <div
        className="active-block"
        style={
          Object {
            "backgroundColor": "#efefef",
          }
        }
      />
      <div
        className="active-block"
        style={
          Object {
            "backgroundColor": "#efefef",
          }
        }
      />
      <div
        className="active-block"
        style={
          Object {
            "backgroundColor": "#efefef",
          }
        }
      />
      <div
        className="active-block"
        style={
          Object {
            "backgroundColor": "#efefef",
          }
        }
      />
      <div
        className="active-block"
        style={
          Object {
            "backgroundColor": "#efefef",
          }
        }
      />
      <div
        className="time-label"
      >
        8 AM
      </div>
    </div>
    <div
      className="active-blocks"
    >
      <div
        className="active-block"
        style={
          Object {
            "backgroundColor": "#efefef",
          }
        }
      />
      <div
        className="active-block"
        style={
          Object {
            "backgroundColor": "#efefef",
          }
        }
      />
      <div
        className="active-block"
        style={
          Object {
            "backgroundColor": "#efefef",
          }
        }
      />
      <div
        className="active-block"
        style={
          Object {
            "backgroundColor": "#efefef",
          }
        }
      />
      <div
        className="active-block"
        style={
          Object {
            "backgroundColor": "#efefef",
          }
        }
      />
      <div
        className="active-block"
        style={
          Object {
            "backgroundColor": "#efefef",
          }
        }
      />
      <div
        className="active-block"
        style={
          Object {
            "backgroundColor": "#efefef",
          }
        }
      />
      <div
        className="time-label"
      >
        10 AM
      </div>
    </div>
    <div
      className="active-blocks"
    >
      <div
        className="active-block"
        style={
          Object {
            "backgroundColor": "#efefef",
          }
        }
      />
      <div
        className="active-block"
        style={
          Object {
            "backgroundColor": "#dfdfef",
          }
        }
      />
      <div
        className="active-block"
        style={
          Object {
            "backgroundColor": "#dfdfef",
          }
        }
      />
      <div
        className="active-block"
        style={
          Object {
            "backgroundColor": "#efefef",
          }
        }
      />
      <div
        className="active-block"
        style={
          Object {
            "backgroundColor": "#efefef",
          }
        }
      />
      <div
        className="active-block"
        style={
          Object {
            "backgroundColor": "#efefef",
          }
        }
      />
      <div
        className="active-block"
        style={
          Object {
            "backgroundColor": "#efefef",
          }
        }
      />
      <div
        className="time-label"
      >
        12 PM
      </div>
    </div>
    <div
      className="active-blocks"
    >
      <div
        className="active-block"
        style={
          Object {
            "backgroundColor": "#efefef",
          }
        }
      />
      <div
        className="active-block"
        style={
          Object {
            "backgroundColor": "#9ecae1",
          }
        }
      />
      <div
        className="active-block"
        style={
          Object {
            "backgroundColor": "#efefef",
          }
        }
      />
      <div
        className="active-block"
        style={
          Object {
            "backgroundColor": "#6baed6",
          }
        }
      />
      <div
        className="active-block"
        style={
          Object {
            "backgroundColor": "#6baed6",
          }
        }
      />
      <div
        className="active-block"
        style={
          Object {
            "backgroundColor": "#efefef",
          }
        }
      />
      <div
        className="active-block"
        style={
          Object {
            "backgroundColor": "#efefef",
          }
        }
      />
      <div
        className="time-label"
      >
        2 PM
      </div>
    </div>
    <div
      className="active-blocks"
    >
      <div
        className="active-block"
        style={
          Object {
            "backgroundColor": "#efefef",
          }
        }
      />
      <div
        className="active-block"
        style={
          Object {
            "backgroundColor": "#efefef",
          }
        }
      />
      <div
        className="active-block"
        style={
          Object {
            "backgroundColor": "#efefef",
          }
        }
      />
      <div
        className="active-block"
        style={
          Object {
            "backgroundColor": "#efefef",
          }
        }
      />
      <div
        className="active-block"
        style={
          Object {
            "backgroundColor": "#dfdfef",
          }
        }
      />
      <div
        className="active-block"
        style={
          Object {
            "backgroundColor": "#efefef",
          }
        }
      />
      <div
        className="active-block"
        style={
          Object {
            "backgroundColor": "#efefef",
          }
        }
      />
      <div
        className="time-label"
      >
        4 PM
      </div>
    </div>
    <div
      className="active-blocks"
    >
      <div
        className="active-block"
        style={
          Object {
            "backgroundColor": "#efefef",
          }
        }
      />
      <div
        className="active-block"
        style={
          Object {
            "backgroundColor": "#08306b",
          }
        }
      />
      <div
        className="active-block"
        style={
          Object {
            "backgroundColor": "#efefef",
          }
        }
      />
      <div
        className="active-block"
        style={
          Object {
            "backgroundColor": "#dfdfef",
          }
        }
      />
      <div
        className="active-block"
        style={
          Object {
            "backgroundColor": "#dfdfef",
          }
        }
      />
      <div
        className="active-block"
        style={
          Object {
            "backgroundColor": "#efefef",
          }
        }
      />
      <div
        className="active-block"
        style={
          Object {
            "backgroundColor": "#efefef",
          }
        }
      />
      <div
        className="time-label"
      >
        6 PM
      </div>
    </div>
    <div
      className="active-blocks"
    >
      <div
        className="active-block"
        style={
          Object {
            "backgroundColor": "#efefef",
          }
        }
      />
      <div
        className="active-block"
        style={
          Object {
            "backgroundColor": "#dfdfef",
          }
        }
      />
      <div
        className="active-block"
        style={
          Object {
            "backgroundColor": "#efefef",
          }
        }
      />
      <div
        className="active-block"
        style={
          Object {
            "backgroundColor": "#efefef",
          }
        }
      />
      <div
        className="active-block"
        style={
          Object {
            "backgroundColor": "#9ecae1",
          }
        }
      />
      <div
        className="active-block"
        style={
          Object {
            "backgroundColor": "#efefef",
          }
        }
      />
      <div
        className="active-block"
        style={
          Object {
            "backgroundColor": "#efefef",
          }
        }
      />
      <div
        className="time-label"
      >
        8 PM
      </div>
    </div>
    <div
      className="active-blocks"
    >
      <div
        className="active-block"
        style={
          Object {
            "backgroundColor": "#efefef",
          }
        }
      />
      <div
        className="active-block"
        style={
          Object {
            "backgroundColor": "#efefef",
          }
        }
      />
      <div
        className="active-block"
        style={
          Object {
            "backgroundColor": "#efefef",
          }
        }
      />
      <div
        className="active-block"
        style={
          Object {
            "backgroundColor": "#efefef",
          }
        }
      />
      <div
        className="active-block"
        style={
          Object {
            "backgroundColor": "#efefef",
          }
        }
      />
      <div
        className="active-block"
        style={
          Object {
            "backgroundColor": "#efefef",
          }
        }
      />
      <div
        className="active-block"
        style={
          Object {
            "backgroundColor": "#efefef",
          }
        }
      />
      <div
        className="time-label"
      >
        10 PM
      </div>
    </div>
    <div
      className="days-of-week"
    >
      <div
        className="day"
      >
        Sun
      </div>
      <div
        className="day"
      >
        Mon
      </div>
      <div
        className="day"
      >
        Tues
      </div>
      <div
        className="day"
      >
        Wed
      </div>
      <div
        className="day"
      >
        Thur
      </div>
      <div
        className="day"
      >
        Fri
      </div>
      <div
        className="day"
      >
        Sat
      </div>
    </div>
  </div>
  <div
    className="active-times-popular"
  >
    <div
      className="active-times-popular-header"
    >
      Most Popular Time
    </div>
    <div
      className="active-times-popular-content"
    >
      Monday
      , 
      6 PM
       – 
      8 PM
    </div>
  </div>
</div>
`;
