// Jest Snapshot v1, https://goo.gl/fbAQLP

exports[`Site admin user table name column test Test for admins 1`] = `
<div
  className="nti-link-to-path"
  to="#"
>
  <div
    className="cell"
  >
    <img
      className="avatar avatar avatar-color-6"
      src="unresolved-user-avatar.png"
    />
    <div
      className="userInfo"
    >
      <span
        className="username username"
        rel="author"
      />
      <div
        className="email"
      >
        user@blah.com
      </div>
    </div>
  </div>
</div>
`;

exports[`Site admin user table name column test Test for learners 1`] = `
<div
  className="nti-link-to-path"
  to="#"
>
  <div
    className="cell"
  >
    <img
      className="avatar avatar avatar-color-6"
      src="unresolved-user-avatar.png"
    />
    <div
      className="userInfo"
    >
      <span
        className="username username"
        rel="author"
      />
      <div
        className="email"
      >
        user@blah.com
      </div>
    </div>
  </div>
</div>
`;
