// Jest Snapshot v1, https://goo.gl/fbAQLP

exports[`Site admin user table name column test Test for admins 1`] = `
<div
  className="nti-link-to-path"
  to="#"
>
  <div>
    <img
      className="avatar avatar-color-6"
      src="unresolved-user-avatar.png"
    />
    <div>
      <span
        className="username"
        rel="author"
      />
      <div>
        user@blah.com
      </div>
    </div>
  </div>
</div>
`;

exports[`Site admin user table name column test Test for learners 1`] = `
<div
  className="nti-link-to-path"
  to="#"
>
  <div>
    <img
      className="avatar avatar-color-6"
      src="unresolved-user-avatar.png"
    />
    <div>
      <span
        className="username"
        rel="author"
      />
      <div>
        user@blah.com
      </div>
    </div>
  </div>
</div>
`;
