// Jest Snapshot v1, https://goo.gl/fbAQLP

exports[`Site admin content course list (with 5 items) Basic render test 1`] = `
<div
  className="content-table-container"
>
  <div>
    <div
      className="header"
    >
      <div
        className="title"
      >
        Courses
      </div>
      <div
        className="controls"
      >
        <div
          className="site-admin-list-toolbar admin-content-toolbar"
        >
          <div
            className="flyout-trigger admin-create-button admin-create-options flyout-closed"
            onClick={[Function]}
          >
            <div
              className="add-container"
            >
              <i
                className="icon-add"
              />
            </div>
            <div
              className="create-label"
            >
              Create
            </div>
          </div>
        </div>
      </div>
    </div>
    <table
      className="nti-generic-table"
    >
      <thead>
        <tr>
          <th
            className="coursename-col nti-table-simple-header"
          >
            <div
              className="sortable"
              onClick={[Function]}
            >
              <span>
                Name
              </span>
            </div>
          </th>
          <th
            className="startdate-col nti-table-simple-header"
          >
            <div
              className="sortable"
              onClick={[Function]}
            >
              <span>
                Start Date
              </span>
            </div>
          </th>
          <th
            className="enddate-col nti-table-simple-header"
          >
            <div
              className="sortable"
              onClick={[Function]}
            >
              <span>
                End Date
              </span>
            </div>
          </th>
          <th
            className="totalenrolled-col nti-table-simple-header"
          >
            <div
              className="sortable"
              onClick={[Function]}
            >
              <span>
                Enrolled
              </span>
            </div>
          </th>
        </tr>
      </thead>
      <tbody>
        <tr>
          <td
            className="coursename-col"
          >
            <div
              className="nti-link-to-path"
              exact={true}
              to="#"
            >
              <div
                className="cell"
              >
                <div
                  className="site-admin-course-info course-info"
                >
                  <div
                    className="course-icon"
                    style={
                      Object {
                        "backgroundImage": "url(contentpackage-landing-232x170.png?t=0)",
                      }
                    }
                  />
                  <div
                    className="info"
                  >
                    <div
                      className="label"
                    />
                    <div
                      className="title"
                    >
                      course1
                    </div>
                    <div
                      className="meta"
                    >
                      <div
                        className="start date"
                      >
                        <span
                          className="label"
                        >
                          Starts:
                        </span>
                        <time
                          className="value"
                          dateTime="2017-10-30T00:00:00-05:00"
                        >
                          Oct 30, 2017
                        </time>
                      </div>
                      <div
                        className="end date"
                      >
                        <span
                          className="label"
                        >
                          Ends:
                        </span>
                        <time
                          className="value"
                          dateTime="2017-11-25T00:00:00-06:00"
                        >
                          Nov 25, 2017
                        </time>
                      </div>
                    </div>
                  </div>
                </div>
              </div>
            </div>
          </td>
          <td
            className="startdate-col"
          >
            <div
              className="cell"
            >
              <time
                className="value"
                dateTime="2017-10-30T00:00:00-05:00"
              >
                Oct 30, 2017
              </time>
            </div>
          </td>
          <td
            className="enddate-col"
          >
            <div
              className="cell"
            >
              <time
                className="value"
                dateTime="2017-11-25T00:00:00-06:00"
              >
                Nov 25, 2017
              </time>
            </div>
          </td>
          <td
            className="totalenrolled-col"
          >
            <div
              className="cell"
            >
              0
            </div>
          </td>
        </tr>
        <tr>
          <td
            className="coursename-col"
          >
            <div
              className="nti-link-to-path"
              exact={true}
              to="#"
            >
              <div
                className="cell"
              >
                <div
                  className="site-admin-course-info course-info"
                >
                  <div
                    className="course-icon"
                    style={
                      Object {
                        "backgroundImage": "url(contentpackage-landing-232x170.png?t=0)",
                      }
                    }
                  />
                  <div
                    className="info"
                  >
                    <div
                      className="label"
                    />
                    <div
                      className="title"
                    >
                      course2
                    </div>
                    <div
                      className="meta"
                    >
                      <div
                        className="start date"
                      >
                        <span
                          className="label"
                        >
                          Starts:
                        </span>
                        <time
                          className="value"
                          dateTime="2017-10-30T00:00:00-05:00"
                        >
                          Oct 30, 2017
                        </time>
                      </div>
                      <div
                        className="end date"
                      >
                        <span
                          className="label"
                        >
                          Ends:
                        </span>
                        <time
                          className="value"
                          dateTime="2017-11-25T00:00:00-06:00"
                        >
                          Nov 25, 2017
                        </time>
                      </div>
                    </div>
                  </div>
                </div>
              </div>
            </div>
          </td>
          <td
            className="startdate-col"
          >
            <div
              className="cell"
            >
              <time
                className="value"
                dateTime="2017-10-30T00:00:00-05:00"
              >
                Oct 30, 2017
              </time>
            </div>
          </td>
          <td
            className="enddate-col"
          >
            <div
              className="cell"
            >
              <time
                className="value"
                dateTime="2017-11-25T00:00:00-06:00"
              >
                Nov 25, 2017
              </time>
            </div>
          </td>
          <td
            className="totalenrolled-col"
          >
            <div
              className="cell"
            >
              1
            </div>
          </td>
        </tr>
        <tr>
          <td
            className="coursename-col"
          >
            <div
              className="nti-link-to-path"
              exact={true}
              to="#"
            >
              <div
                className="cell"
              >
                <div
                  className="site-admin-course-info course-info"
                >
                  <div
                    className="course-icon"
                    style={
                      Object {
                        "backgroundImage": "url(contentpackage-landing-232x170.png?t=0)",
                      }
                    }
                  />
                  <div
                    className="info"
                  >
                    <div
                      className="label"
                    />
                    <div
                      className="title"
                    >
                      course3
                    </div>
                    <div
                      className="meta"
                    >
                      <div
                        className="start date"
                      >
                        <span
                          className="label"
                        >
                          Starts:
                        </span>
                        <time
                          className="value"
                          dateTime="2017-10-30T00:00:00-05:00"
                        >
                          Oct 30, 2017
                        </time>
                      </div>
                      <div
                        className="end date"
                      >
                        <span
                          className="label"
                        >
                          Ends:
                        </span>
                        <time
                          className="value"
                          dateTime="2017-11-25T00:00:00-06:00"
                        >
                          Nov 25, 2017
                        </time>
                      </div>
                    </div>
                  </div>
                </div>
              </div>
            </div>
          </td>
          <td
            className="startdate-col"
          >
            <div
              className="cell"
            >
              <time
                className="value"
                dateTime="2017-10-30T00:00:00-05:00"
              >
                Oct 30, 2017
              </time>
            </div>
          </td>
          <td
            className="enddate-col"
          >
            <div
              className="cell"
            >
              <time
                className="value"
                dateTime="2017-11-25T00:00:00-06:00"
              >
                Nov 25, 2017
              </time>
            </div>
          </td>
          <td
            className="totalenrolled-col"
          >
            <div
              className="cell"
            >
              2
            </div>
          </td>
        </tr>
        <tr>
          <td
            className="coursename-col"
          >
            <div
              className="nti-link-to-path"
              exact={true}
              to="#"
            >
              <div
                className="cell"
              >
                <div
                  className="site-admin-course-info course-info"
                >
                  <div
                    className="course-icon"
                    style={
                      Object {
                        "backgroundImage": "url(contentpackage-landing-232x170.png?t=0)",
                      }
                    }
                  />
                  <div
                    className="info"
                  >
                    <div
                      className="label"
                    />
                    <div
                      className="title"
                    >
                      course4
                    </div>
                    <div
                      className="meta"
                    >
                      <div
                        className="start date"
                      >
                        <span
                          className="label"
                        >
                          Starts:
                        </span>
                        <time
                          className="value"
                          dateTime="2017-10-30T00:00:00-05:00"
                        >
                          Oct 30, 2017
                        </time>
                      </div>
                      <div
                        className="end date"
                      >
                        <span
                          className="label"
                        >
                          Ends:
                        </span>
                        <time
                          className="value"
                          dateTime="2017-11-25T00:00:00-06:00"
                        >
                          Nov 25, 2017
                        </time>
                      </div>
                    </div>
                  </div>
                </div>
              </div>
            </div>
          </td>
          <td
            className="startdate-col"
          >
            <div
              className="cell"
            >
              <time
                className="value"
                dateTime="2017-10-30T00:00:00-05:00"
              >
                Oct 30, 2017
              </time>
            </div>
          </td>
          <td
            className="enddate-col"
          >
            <div
              className="cell"
            >
              <time
                className="value"
                dateTime="2017-11-25T00:00:00-06:00"
              >
                Nov 25, 2017
              </time>
            </div>
          </td>
          <td
            className="totalenrolled-col"
          >
            <div
              className="cell"
            >
              3
            </div>
          </td>
        </tr>
        <tr>
          <td
            className="coursename-col"
          >
            <div
              className="nti-link-to-path"
              exact={true}
              to="#"
            >
              <div
                className="cell"
              >
                <div
                  className="site-admin-course-info course-info"
                >
                  <div
                    className="course-icon"
                    style={
                      Object {
                        "backgroundImage": "url(contentpackage-landing-232x170.png?t=0)",
                      }
                    }
                  />
                  <div
                    className="info"
                  >
                    <div
                      className="label"
                    />
                    <div
                      className="title"
                    >
                      course5
                    </div>
                    <div
                      className="meta"
                    >
                      <div
                        className="start date"
                      >
                        <span
                          className="label"
                        >
                          Starts:
                        </span>
                        <time
                          className="value"
                          dateTime="2017-10-30T00:00:00-05:00"
                        >
                          Oct 30, 2017
                        </time>
                      </div>
                      <div
                        className="end date"
                      >
                        <span
                          className="label"
                        >
                          Ends:
                        </span>
                        <time
                          className="value"
                          dateTime="2017-11-25T00:00:00-06:00"
                        >
                          Nov 25, 2017
                        </time>
                      </div>
                    </div>
                  </div>
                </div>
              </div>
            </div>
          </td>
          <td
            className="startdate-col"
          >
            <div
              className="cell"
            >
              <time
                className="value"
                dateTime="2017-10-30T00:00:00-05:00"
              >
                Oct 30, 2017
              </time>
            </div>
          </td>
          <td
            className="enddate-col"
          >
            <div
              className="cell"
            >
              <time
                className="value"
                dateTime="2017-11-25T00:00:00-06:00"
              >
                Nov 25, 2017
              </time>
            </div>
          </td>
          <td
            className="totalenrolled-col"
          >
            <div
              className="cell"
            >
              4
            </div>
          </td>
        </tr>
      </tbody>
    </table>
  </div>
</div>
`;

exports[`Site admin content course list (with 25 items) Basic render test 1`] = `
<div
  className="content-table-container"
>
  <figure
    className="loading"
  >
    <div
      className="m spinner"
    />
    <figcaption>
      Loading
    </figcaption>
  </figure>
</div>
`;

exports[`Site admin content course list (with 25 items) Basic render test 2`] = `
<div
  className="content-table-container"
>
  <figure
    className="loading"
  >
    <div
      className="m spinner"
    />
    <figcaption>
      Loading
    </figcaption>
  </figure>
</div>
`;

exports[`Site admin content course list (with no items) Basic render test 1`] = `
<div
  className="content-table-container"
>
  <div
    className="empty-state"
  >
    There are no courses
  </div>
</div>
`;
