// Jest Snapshot v1, https://goo.gl/fbAQLP

exports[`Site admin user course list test (5 courses) Basic render test 1`] = `
<div
  className="site-admin-user-transcripts"
>
  <div
    className="site-admin-card"
  >
    <ul>
      <li>
        <div
          className="nti-link-to-path"
          to="#"
        >
          <div
            className="nti-course-enrollment-list-item"
          >
            <img
              className="course-enrollment-icon"
              src=""
            />
            <div
              className="course-enrollment-meta"
            >
              <div
                className="label"
              >
                Course1
              </div>
              <div
                className="title"
              >
                course1
              </div>
            </div>
          </div>
        </div>
      </li>
      <li>
        <div
          className="nti-link-to-path"
          to="#"
        >
          <div
            className="nti-course-enrollment-list-item"
          >
            <img
              className="course-enrollment-icon"
              src=""
            />
            <div
              className="course-enrollment-meta"
            >
              <div
                className="label"
              >
                Course2
              </div>
              <div
                className="title"
              >
                course2
              </div>
            </div>
          </div>
        </div>
      </li>
      <li>
        <div
          className="nti-link-to-path"
          to="#"
        >
          <div
            className="nti-course-enrollment-list-item"
          >
            <img
              className="course-enrollment-icon"
              src=""
            />
            <div
              className="course-enrollment-meta"
            >
              <div
                className="label"
              >
                Course3
              </div>
              <div
                className="title"
              >
                course3
              </div>
            </div>
          </div>
        </div>
      </li>
      <li>
        <div
          className="nti-link-to-path"
          to="#"
        >
          <div
            className="nti-course-enrollment-list-item"
          >
            <img
              className="course-enrollment-icon"
              src=""
            />
            <div
              className="course-enrollment-meta"
            >
              <div
                className="label"
              >
                Course4
              </div>
              <div
                className="title"
              >
                course4
              </div>
            </div>
          </div>
        </div>
      </li>
      <li>
        <div
          className="nti-link-to-path"
          to="#"
        >
          <div
            className="nti-course-enrollment-list-item"
          >
            <img
              className="course-enrollment-icon"
              src=""
            />
            <div
              className="course-enrollment-meta"
            >
              <div
                className="label"
              >
                Course5
              </div>
              <div
                className="title"
              >
                course5
              </div>
            </div>
          </div>
        </div>
      </li>
    </ul>
  </div>
</div>
`;

exports[`Site admin user course list test (no courses) Basic render test 1`] = `
<div
  className="site-admin-user-transcripts"
>
  <div
    className="empty-state"
  >
    This user is not enrolled in any courses
  </div>
</div>
`;
