// Jest Snapshot v1, https://goo.gl/fbAQLP

exports[`Site admin user admin list (with 5 items) Basic render test 1`] = `
<div
  className="users-table-container"
>
  <div>
    <div
      className="header"
    >
      <div
        className="title"
      >
        Administrators
      </div>
    </div>
    <table
      className="nti-generic-table"
    >
      <thead>
        <tr>
          <th
            className="selectColumn"
          >
            <label
              className="checkbox-component"
            >
              <input
                checked={false}
                className="headerCheckbox"
                onChange={[Function]}
                type="checkbox"
              />
              <span
                className="label"
              />
            </label>
          </th>
          <th
            className="nameColumn nti-table-simple-header"
          >
            <div
              className="sortable"
              onClick={[Function]}
            >
              <span>
                Name
              </span>
            </div>
          </th>
          <th
            className="joinDateColumn nti-table-simple-header"
          >
            <div
              className="sortable"
              onClick={[Function]}
            >
              <span>
                Join Date
              </span>
            </div>
          </th>
          <th
            className="lastSeenColumn nti-table-simple-header"
          >
            <div
              className="sortable"
              onClick={[Function]}
            >
              <span>
                Last Active
              </span>
            </div>
          </th>
        </tr>
      </thead>
      <tbody>
        <tr>
          <td
            className="selectColumn"
          >
            <div
              className="cell"
            >
              <label
                className="checkbox-component"
              >
                <input
                  checked={false}
                  onChange={[Function]}
                  type="checkbox"
                />
                <span
                  className="label"
                />
              </label>
            </div>
          </td>
          <td
            className="nameColumn"
          >
            <div
              className="nti-link-to-path"
              to="#"
            >
              <div
                className="cell"
              >
                <img
                  className="avatar avatar avatar-color-6"
                  src="unresolved-user-avatar.png"
                />
                <div
                  className="userInfo"
                >
                  <span
                    className="username username"
                    rel="author"
                  />
                  <div
                    className="email"
                  />
                </div>
              </div>
            </div>
          </td>
          <td
            className="joinDateColumn"
          >
            <div
              className="cell"
            >
              <time
                className="ntiText"
                dateTime="2017-10-30T00:00:00Z"
              >
                Oct 30, 2017
              </time>
            </div>
          </td>
          <td
            className="lastSeenColumn"
          >
            <div
              className="cell"
            >
              1 Day ago
            </div>
          </td>
        </tr>
        <tr>
          <td
            className="selectColumn"
          >
            <div
              className="cell"
            >
              <label
                className="checkbox-component"
              >
                <input
                  checked={false}
                  onChange={[Function]}
                  type="checkbox"
                />
                <span
                  className="label"
                />
              </label>
            </div>
          </td>
          <td
            className="nameColumn"
          >
            <div
              className="nti-link-to-path"
              to="#"
            >
              <div
                className="cell"
              >
                <img
                  className="avatar avatar avatar-color-6"
                  src="unresolved-user-avatar.png"
                />
                <div
                  className="userInfo"
                >
                  <span
                    className="username username"
                    rel="author"
                  />
                  <div
                    className="email"
                  />
                </div>
              </div>
            </div>
          </td>
          <td
            className="joinDateColumn"
          >
            <div
              className="cell"
            >
              <time
                className="ntiText"
                dateTime="2017-10-30T00:00:00Z"
              >
                Oct 30, 2017
              </time>
            </div>
          </td>
          <td
            className="lastSeenColumn"
          >
            <div
              className="cell"
            >
              2 Days ago
            </div>
          </td>
        </tr>
        <tr>
          <td
            className="selectColumn"
          >
            <div
              className="cell"
            >
              <label
                className="checkbox-component"
              >
                <input
                  checked={false}
                  onChange={[Function]}
                  type="checkbox"
                />
                <span
                  className="label"
                />
              </label>
            </div>
          </td>
          <td
            className="nameColumn"
          >
            <div
              className="nti-link-to-path"
              to="#"
            >
              <div
                className="cell"
              >
                <img
                  className="avatar avatar avatar-color-6"
                  src="unresolved-user-avatar.png"
                />
                <div
                  className="userInfo"
                >
                  <span
                    className="username username"
                    rel="author"
                  />
                  <div
                    className="email"
                  />
                </div>
              </div>
            </div>
          </td>
          <td
            className="joinDateColumn"
          >
            <div
              className="cell"
            >
              <time
                className="ntiText"
                dateTime="2017-10-30T00:00:00Z"
              >
                Oct 30, 2017
              </time>
            </div>
          </td>
          <td
            className="lastSeenColumn"
          >
            <div
              className="cell"
            >
              3 Days ago
            </div>
          </td>
        </tr>
        <tr>
          <td
            className="selectColumn"
          >
            <div
              className="cell"
            >
              <label
                className="checkbox-component"
              >
                <input
                  checked={false}
                  onChange={[Function]}
                  type="checkbox"
                />
                <span
                  className="label"
                />
              </label>
            </div>
          </td>
          <td
            className="nameColumn"
          >
            <div
              className="nti-link-to-path"
              to="#"
            >
              <div
                className="cell"
              >
                <img
                  className="avatar avatar avatar-color-6"
                  src="unresolved-user-avatar.png"
                />
                <div
                  className="userInfo"
                >
                  <span
                    className="username username"
                    rel="author"
                  />
                  <div
                    className="email"
                  />
                </div>
              </div>
            </div>
          </td>
          <td
            className="joinDateColumn"
          >
            <div
              className="cell"
            >
              <time
                className="ntiText"
                dateTime="2017-10-30T00:00:00Z"
              >
                Oct 30, 2017
              </time>
            </div>
          </td>
          <td
            className="lastSeenColumn"
          >
            <div
              className="cell"
            >
              4 Days ago
            </div>
          </td>
        </tr>
        <tr>
          <td
            className="selectColumn"
          >
            <div
              className="cell"
            >
              <label
                className="checkbox-component"
              >
                <input
                  checked={false}
                  onChange={[Function]}
                  type="checkbox"
                />
                <span
                  className="label"
                />
              </label>
            </div>
          </td>
          <td
            className="nameColumn"
          >
            <div
              className="nti-link-to-path"
              to="#"
            >
              <div
                className="cell"
              >
                <img
                  className="avatar avatar avatar-color-6"
                  src="unresolved-user-avatar.png"
                />
                <div
                  className="userInfo"
                >
                  <span
                    className="username username"
                    rel="author"
                  />
                  <div
                    className="email"
                  />
                </div>
              </div>
            </div>
          </td>
          <td
            className="joinDateColumn"
          >
            <div
              className="cell"
            >
              <time
                className="ntiText"
                dateTime="2017-10-30T00:00:00Z"
              >
                Oct 30, 2017
              </time>
            </div>
          </td>
          <td
            className="lastSeenColumn"
          >
            <div
              className="cell"
            >
              5 Days ago
            </div>
          </td>
        </tr>
      </tbody>
    </table>
  </div>
</div>
`;

exports[`Site admin user admin list (with 25 items) Basic render test 1`] = `
<div
  className="users-table-container"
>
  <div>
    <div
      className="header"
    >
      <div
        className="title"
      >
        Administrators
      </div>
    </div>
    <table
      className="nti-generic-table"
    >
      <thead>
        <tr>
          <th
            className="selectColumn"
          >
            <label
              className="checkbox-component"
            >
              <input
                checked={false}
                className="headerCheckbox"
                onChange={[Function]}
                type="checkbox"
              />
              <span
                className="label"
              />
            </label>
          </th>
          <th
            className="nameColumn nti-table-simple-header"
          >
            <div
              className="sortable"
              onClick={[Function]}
            >
              <span>
                Name
              </span>
            </div>
          </th>
          <th
            className="joinDateColumn nti-table-simple-header"
          >
            <div
              className="sortable"
              onClick={[Function]}
            >
              <span>
                Join Date
              </span>
            </div>
          </th>
          <th
            className="lastSeenColumn nti-table-simple-header"
          >
            <div
              className="sortable"
              onClick={[Function]}
            >
              <span>
                Last Active
              </span>
            </div>
          </th>
        </tr>
      </thead>
      <tbody>
        <tr>
          <td
            className="selectColumn"
          >
            <div
              className="cell"
            >
              <label
                className="checkbox-component"
              >
                <input
                  checked={false}
                  onChange={[Function]}
                  type="checkbox"
                />
                <span
                  className="label"
                />
              </label>
            </div>
          </td>
          <td
            className="nameColumn"
          >
            <div
              className="nti-link-to-path"
              to="#"
            >
              <div
                className="cell"
              >
                <img
                  className="avatar avatar avatar-color-6"
                  src="unresolved-user-avatar.png"
                />
                <div
                  className="userInfo"
                >
                  <span
                    className="username username"
                    rel="author"
                  />
                  <div
                    className="email"
                  />
                </div>
              </div>
            </div>
          </td>
          <td
            className="joinDateColumn"
          >
            <div
              className="cell"
            >
              <time
                className="ntiText"
                dateTime="2017-10-30T00:00:00Z"
              >
                Oct 30, 2017
              </time>
            </div>
          </td>
          <td
            className="lastSeenColumn"
          >
            <div
              className="cell"
            >
              1 Day ago
            </div>
          </td>
        </tr>
        <tr>
          <td
            className="selectColumn"
          >
            <div
              className="cell"
            >
              <label
                className="checkbox-component"
              >
                <input
                  checked={false}
                  onChange={[Function]}
                  type="checkbox"
                />
                <span
                  className="label"
                />
              </label>
            </div>
          </td>
          <td
            className="nameColumn"
          >
            <div
              className="nti-link-to-path"
              to="#"
            >
              <div
                className="cell"
              >
                <img
                  className="avatar avatar avatar-color-6"
                  src="unresolved-user-avatar.png"
                />
                <div
                  className="userInfo"
                >
                  <span
                    className="username username"
                    rel="author"
                  />
                  <div
                    className="email"
                  />
                </div>
              </div>
            </div>
          </td>
          <td
            className="joinDateColumn"
          >
            <div
              className="cell"
            >
              <time
                className="ntiText"
                dateTime="2017-10-30T00:00:00Z"
              >
                Oct 30, 2017
              </time>
            </div>
          </td>
          <td
            className="lastSeenColumn"
          >
            <div
              className="cell"
            >
              2 Days ago
            </div>
          </td>
        </tr>
        <tr>
          <td
            className="selectColumn"
          >
            <div
              className="cell"
            >
              <label
                className="checkbox-component"
              >
                <input
                  checked={false}
                  onChange={[Function]}
                  type="checkbox"
                />
                <span
                  className="label"
                />
              </label>
            </div>
          </td>
          <td
            className="nameColumn"
          >
            <div
              className="nti-link-to-path"
              to="#"
            >
              <div
                className="cell"
              >
                <img
                  className="avatar avatar avatar-color-6"
                  src="unresolved-user-avatar.png"
                />
                <div
                  className="userInfo"
                >
                  <span
                    className="username username"
                    rel="author"
                  />
                  <div
                    className="email"
                  />
                </div>
              </div>
            </div>
          </td>
          <td
            className="joinDateColumn"
          >
            <div
              className="cell"
            >
              <time
                className="ntiText"
                dateTime="2017-10-30T00:00:00Z"
              >
                Oct 30, 2017
              </time>
            </div>
          </td>
          <td
            className="lastSeenColumn"
          >
            <div
              className="cell"
            >
              3 Days ago
            </div>
          </td>
        </tr>
        <tr>
          <td
            className="selectColumn"
          >
            <div
              className="cell"
            >
              <label
                className="checkbox-component"
              >
                <input
                  checked={false}
                  onChange={[Function]}
                  type="checkbox"
                />
                <span
                  className="label"
                />
              </label>
            </div>
          </td>
          <td
            className="nameColumn"
          >
            <div
              className="nti-link-to-path"
              to="#"
            >
              <div
                className="cell"
              >
                <img
                  className="avatar avatar avatar-color-6"
                  src="unresolved-user-avatar.png"
                />
                <div
                  className="userInfo"
                >
                  <span
                    className="username username"
                    rel="author"
                  />
                  <div
                    className="email"
                  />
                </div>
              </div>
            </div>
          </td>
          <td
            className="joinDateColumn"
          >
            <div
              className="cell"
            >
              <time
                className="ntiText"
                dateTime="2017-10-30T00:00:00Z"
              >
                Oct 30, 2017
              </time>
            </div>
          </td>
          <td
            className="lastSeenColumn"
          >
            <div
              className="cell"
            >
              4 Days ago
            </div>
          </td>
        </tr>
        <tr>
          <td
            className="selectColumn"
          >
            <div
              className="cell"
            >
              <label
                className="checkbox-component"
              >
                <input
                  checked={false}
                  onChange={[Function]}
                  type="checkbox"
                />
                <span
                  className="label"
                />
              </label>
            </div>
          </td>
          <td
            className="nameColumn"
          >
            <div
              className="nti-link-to-path"
              to="#"
            >
              <div
                className="cell"
              >
                <img
                  className="avatar avatar avatar-color-6"
                  src="unresolved-user-avatar.png"
                />
                <div
                  className="userInfo"
                >
                  <span
                    className="username username"
                    rel="author"
                  />
                  <div
                    className="email"
                  />
                </div>
              </div>
            </div>
          </td>
          <td
            className="joinDateColumn"
          >
            <div
              className="cell"
            >
              <time
                className="ntiText"
                dateTime="2017-10-30T00:00:00Z"
              >
                Oct 30, 2017
              </time>
            </div>
          </td>
          <td
            className="lastSeenColumn"
          >
            <div
              className="cell"
            >
              5 Days ago
            </div>
          </td>
        </tr>
        <tr>
          <td
            className="selectColumn"
          >
            <div
              className="cell"
            >
              <label
                className="checkbox-component"
              >
                <input
                  checked={false}
                  onChange={[Function]}
                  type="checkbox"
                />
                <span
                  className="label"
                />
              </label>
            </div>
          </td>
          <td
            className="nameColumn"
          >
            <div
              className="nti-link-to-path"
              to="#"
            >
              <div
                className="cell"
              >
                <img
                  className="avatar avatar avatar-color-6"
                  src="unresolved-user-avatar.png"
                />
                <div
                  className="userInfo"
                >
                  <span
                    className="username username"
                    rel="author"
                  />
                  <div
                    className="email"
                  />
                </div>
              </div>
            </div>
          </td>
          <td
            className="joinDateColumn"
          >
            <div
              className="cell"
            >
              <time
                className="ntiText"
                dateTime="2017-10-30T00:00:00Z"
              >
                Oct 30, 2017
              </time>
            </div>
          </td>
          <td
            className="lastSeenColumn"
          >
            <div
              className="cell"
            >
              6 Days ago
            </div>
          </td>
        </tr>
        <tr>
          <td
            className="selectColumn"
          >
            <div
              className="cell"
            >
              <label
                className="checkbox-component"
              >
                <input
                  checked={false}
                  onChange={[Function]}
                  type="checkbox"
                />
                <span
                  className="label"
                />
              </label>
            </div>
          </td>
          <td
            className="nameColumn"
          >
            <div
              className="nti-link-to-path"
              to="#"
            >
              <div
                className="cell"
              >
                <img
                  className="avatar avatar avatar-color-6"
                  src="unresolved-user-avatar.png"
                />
                <div
                  className="userInfo"
                >
                  <span
                    className="username username"
                    rel="author"
                  />
                  <div
                    className="email"
                  />
                </div>
              </div>
            </div>
          </td>
          <td
            className="joinDateColumn"
          >
            <div
              className="cell"
            >
              <time
                className="ntiText"
                dateTime="2017-10-30T00:00:00Z"
              >
                Oct 30, 2017
              </time>
            </div>
          </td>
          <td
            className="lastSeenColumn"
          >
            <div
              className="cell"
            >
              7 Days ago
            </div>
          </td>
        </tr>
        <tr>
          <td
            className="selectColumn"
          >
            <div
              className="cell"
            >
              <label
                className="checkbox-component"
              >
                <input
                  checked={false}
                  onChange={[Function]}
                  type="checkbox"
                />
                <span
                  className="label"
                />
              </label>
            </div>
          </td>
          <td
            className="nameColumn"
          >
            <div
              className="nti-link-to-path"
              to="#"
            >
              <div
                className="cell"
              >
                <img
                  className="avatar avatar avatar-color-6"
                  src="unresolved-user-avatar.png"
                />
                <div
                  className="userInfo"
                >
                  <span
                    className="username username"
                    rel="author"
                  />
                  <div
                    className="email"
                  />
                </div>
              </div>
            </div>
          </td>
          <td
            className="joinDateColumn"
          >
            <div
              className="cell"
            >
              <time
                className="ntiText"
                dateTime="2017-10-30T00:00:00Z"
              >
                Oct 30, 2017
              </time>
            </div>
          </td>
          <td
            className="lastSeenColumn"
          >
            <div
              className="cell"
            >
              8 Days ago
            </div>
          </td>
        </tr>
        <tr>
          <td
            className="selectColumn"
          >
            <div
              className="cell"
            >
              <label
                className="checkbox-component"
              >
                <input
                  checked={false}
                  onChange={[Function]}
                  type="checkbox"
                />
                <span
                  className="label"
                />
              </label>
            </div>
          </td>
          <td
            className="nameColumn"
          >
            <div
              className="nti-link-to-path"
              to="#"
            >
              <div
                className="cell"
              >
                <img
                  className="avatar avatar avatar-color-6"
                  src="unresolved-user-avatar.png"
                />
                <div
                  className="userInfo"
                >
                  <span
                    className="username username"
                    rel="author"
                  />
                  <div
                    className="email"
                  />
                </div>
              </div>
            </div>
          </td>
          <td
            className="joinDateColumn"
          >
            <div
              className="cell"
            >
              <time
                className="ntiText"
                dateTime="2017-10-30T00:00:00Z"
              >
                Oct 30, 2017
              </time>
            </div>
          </td>
          <td
            className="lastSeenColumn"
          >
            <div
              className="cell"
            >
              9 Days ago
            </div>
          </td>
        </tr>
        <tr>
          <td
            className="selectColumn"
          >
            <div
              className="cell"
            >
              <label
                className="checkbox-component"
              >
                <input
                  checked={false}
                  onChange={[Function]}
                  type="checkbox"
                />
                <span
                  className="label"
                />
              </label>
            </div>
          </td>
          <td
            className="nameColumn"
          >
            <div
              className="nti-link-to-path"
              to="#"
            >
              <div
                className="cell"
              >
                <img
                  className="avatar avatar avatar-color-6"
                  src="unresolved-user-avatar.png"
                />
                <div
                  className="userInfo"
                >
                  <span
                    className="username username"
                    rel="author"
                  />
                  <div
                    className="email"
                  />
                </div>
              </div>
            </div>
          </td>
          <td
            className="joinDateColumn"
          >
            <div
              className="cell"
            >
              <time
                className="ntiText"
                dateTime="2017-10-30T00:00:00Z"
              >
                Oct 30, 2017
              </time>
            </div>
          </td>
          <td
            className="lastSeenColumn"
          >
            <div
              className="cell"
            >
              10 Days ago
            </div>
          </td>
        </tr>
        <tr>
          <td
            className="selectColumn"
          >
            <div
              className="cell"
            >
              <label
                className="checkbox-component"
              >
                <input
                  checked={false}
                  onChange={[Function]}
                  type="checkbox"
                />
                <span
                  className="label"
                />
              </label>
            </div>
          </td>
          <td
            className="nameColumn"
          >
            <div
              className="nti-link-to-path"
              to="#"
            >
              <div
                className="cell"
              >
                <img
                  className="avatar avatar avatar-color-6"
                  src="unresolved-user-avatar.png"
                />
                <div
                  className="userInfo"
                >
                  <span
                    className="username username"
                    rel="author"
                  />
                  <div
                    className="email"
                  />
                </div>
              </div>
            </div>
          </td>
          <td
            className="joinDateColumn"
          >
            <div
              className="cell"
            >
              <time
                className="ntiText"
                dateTime="2017-10-30T00:00:00Z"
              >
                Oct 30, 2017
              </time>
            </div>
          </td>
          <td
            className="lastSeenColumn"
          >
            <div
              className="cell"
            >
              11 Days ago
            </div>
          </td>
        </tr>
        <tr>
          <td
            className="selectColumn"
          >
            <div
              className="cell"
            >
              <label
                className="checkbox-component"
              >
                <input
                  checked={false}
                  onChange={[Function]}
                  type="checkbox"
                />
                <span
                  className="label"
                />
              </label>
            </div>
          </td>
          <td
            className="nameColumn"
          >
            <div
              className="nti-link-to-path"
              to="#"
            >
              <div
                className="cell"
              >
                <img
                  className="avatar avatar avatar-color-6"
                  src="unresolved-user-avatar.png"
                />
                <div
                  className="userInfo"
                >
                  <span
                    className="username username"
                    rel="author"
                  />
                  <div
                    className="email"
                  />
                </div>
              </div>
            </div>
          </td>
          <td
            className="joinDateColumn"
          >
            <div
              className="cell"
            >
              <time
                className="ntiText"
                dateTime="2017-10-30T00:00:00Z"
              >
                Oct 30, 2017
              </time>
            </div>
          </td>
          <td
            className="lastSeenColumn"
          >
            <div
              className="cell"
            >
              12 Days ago
            </div>
          </td>
        </tr>
        <tr>
          <td
            className="selectColumn"
          >
            <div
              className="cell"
            >
              <label
                className="checkbox-component"
              >
                <input
                  checked={false}
                  onChange={[Function]}
                  type="checkbox"
                />
                <span
                  className="label"
                />
              </label>
            </div>
          </td>
          <td
            className="nameColumn"
          >
            <div
              className="nti-link-to-path"
              to="#"
            >
              <div
                className="cell"
              >
                <img
                  className="avatar avatar avatar-color-6"
                  src="unresolved-user-avatar.png"
                />
                <div
                  className="userInfo"
                >
                  <span
                    className="username username"
                    rel="author"
                  />
                  <div
                    className="email"
                  />
                </div>
              </div>
            </div>
          </td>
          <td
            className="joinDateColumn"
          >
            <div
              className="cell"
            >
              <time
                className="ntiText"
                dateTime="2017-10-30T00:00:00Z"
              >
                Oct 30, 2017
              </time>
            </div>
          </td>
          <td
            className="lastSeenColumn"
          >
            <div
              className="cell"
            >
              13 Days ago
            </div>
          </td>
        </tr>
        <tr>
          <td
            className="selectColumn"
          >
            <div
              className="cell"
            >
              <label
                className="checkbox-component"
              >
                <input
                  checked={false}
                  onChange={[Function]}
                  type="checkbox"
                />
                <span
                  className="label"
                />
              </label>
            </div>
          </td>
          <td
            className="nameColumn"
          >
            <div
              className="nti-link-to-path"
              to="#"
            >
              <div
                className="cell"
              >
                <img
                  className="avatar avatar avatar-color-6"
                  src="unresolved-user-avatar.png"
                />
                <div
                  className="userInfo"
                >
                  <span
                    className="username username"
                    rel="author"
                  />
                  <div
                    className="email"
                  />
                </div>
              </div>
            </div>
          </td>
          <td
            className="joinDateColumn"
          >
            <div
              className="cell"
            >
              <time
                className="ntiText"
                dateTime="2017-10-30T00:00:00Z"
              >
                Oct 30, 2017
              </time>
            </div>
          </td>
          <td
            className="lastSeenColumn"
          >
            <div
              className="cell"
            >
              14 Days ago
            </div>
          </td>
        </tr>
        <tr>
          <td
            className="selectColumn"
          >
            <div
              className="cell"
            >
              <label
                className="checkbox-component"
              >
                <input
                  checked={false}
                  onChange={[Function]}
                  type="checkbox"
                />
                <span
                  className="label"
                />
              </label>
            </div>
          </td>
          <td
            className="nameColumn"
          >
            <div
              className="nti-link-to-path"
              to="#"
            >
              <div
                className="cell"
              >
                <img
                  className="avatar avatar avatar-color-6"
                  src="unresolved-user-avatar.png"
                />
                <div
                  className="userInfo"
                >
                  <span
                    className="username username"
                    rel="author"
                  />
                  <div
                    className="email"
                  />
                </div>
              </div>
            </div>
          </td>
          <td
            className="joinDateColumn"
          >
            <div
              className="cell"
            >
              <time
                className="ntiText"
                dateTime="2017-10-30T00:00:00Z"
              >
                Oct 30, 2017
              </time>
            </div>
          </td>
          <td
            className="lastSeenColumn"
          >
            <div
              className="cell"
            >
              15 Days ago
            </div>
          </td>
        </tr>
        <tr>
          <td
            className="selectColumn"
          >
            <div
              className="cell"
            >
              <label
                className="checkbox-component"
              >
                <input
                  checked={false}
                  onChange={[Function]}
                  type="checkbox"
                />
                <span
                  className="label"
                />
              </label>
            </div>
          </td>
          <td
            className="nameColumn"
          >
            <div
              className="nti-link-to-path"
              to="#"
            >
              <div
                className="cell"
              >
                <img
                  className="avatar avatar avatar-color-6"
                  src="unresolved-user-avatar.png"
                />
                <div
                  className="userInfo"
                >
                  <span
                    className="username username"
                    rel="author"
                  />
                  <div
                    className="email"
                  />
                </div>
              </div>
            </div>
          </td>
          <td
            className="joinDateColumn"
          >
            <div
              className="cell"
            >
              <time
                className="ntiText"
                dateTime="2017-10-30T00:00:00Z"
              >
                Oct 30, 2017
              </time>
            </div>
          </td>
          <td
            className="lastSeenColumn"
          >
            <div
              className="cell"
            >
              16 Days ago
            </div>
          </td>
        </tr>
        <tr>
          <td
            className="selectColumn"
          >
            <div
              className="cell"
            >
              <label
                className="checkbox-component"
              >
                <input
                  checked={false}
                  onChange={[Function]}
                  type="checkbox"
                />
                <span
                  className="label"
                />
              </label>
            </div>
          </td>
          <td
            className="nameColumn"
          >
            <div
              className="nti-link-to-path"
              to="#"
            >
              <div
                className="cell"
              >
                <img
                  className="avatar avatar avatar-color-6"
                  src="unresolved-user-avatar.png"
                />
                <div
                  className="userInfo"
                >
                  <span
                    className="username username"
                    rel="author"
                  />
                  <div
                    className="email"
                  />
                </div>
              </div>
            </div>
          </td>
          <td
            className="joinDateColumn"
          >
            <div
              className="cell"
            >
              <time
                className="ntiText"
                dateTime="2017-10-30T00:00:00Z"
              >
                Oct 30, 2017
              </time>
            </div>
          </td>
          <td
            className="lastSeenColumn"
          >
            <div
              className="cell"
            >
              17 Days ago
            </div>
          </td>
        </tr>
        <tr>
          <td
            className="selectColumn"
          >
            <div
              className="cell"
            >
              <label
                className="checkbox-component"
              >
                <input
                  checked={false}
                  onChange={[Function]}
                  type="checkbox"
                />
                <span
                  className="label"
                />
              </label>
            </div>
          </td>
          <td
            className="nameColumn"
          >
            <div
              className="nti-link-to-path"
              to="#"
            >
              <div
                className="cell"
              >
                <img
                  className="avatar avatar avatar-color-6"
                  src="unresolved-user-avatar.png"
                />
                <div
                  className="userInfo"
                >
                  <span
                    className="username username"
                    rel="author"
                  />
                  <div
                    className="email"
                  />
                </div>
              </div>
            </div>
          </td>
          <td
            className="joinDateColumn"
          >
            <div
              className="cell"
            >
              <time
                className="ntiText"
                dateTime="2017-10-30T00:00:00Z"
              >
                Oct 30, 2017
              </time>
            </div>
          </td>
          <td
            className="lastSeenColumn"
          >
            <div
              className="cell"
            >
              18 Days ago
            </div>
          </td>
        </tr>
        <tr>
          <td
            className="selectColumn"
          >
            <div
              className="cell"
            >
              <label
                className="checkbox-component"
              >
                <input
                  checked={false}
                  onChange={[Function]}
                  type="checkbox"
                />
                <span
                  className="label"
                />
              </label>
            </div>
          </td>
          <td
            className="nameColumn"
          >
            <div
              className="nti-link-to-path"
              to="#"
            >
              <div
                className="cell"
              >
                <img
                  className="avatar avatar avatar-color-6"
                  src="unresolved-user-avatar.png"
                />
                <div
                  className="userInfo"
                >
                  <span
                    className="username username"
                    rel="author"
                  />
                  <div
                    className="email"
                  />
                </div>
              </div>
            </div>
          </td>
          <td
            className="joinDateColumn"
          >
            <div
              className="cell"
            >
              <time
                className="ntiText"
                dateTime="2017-10-30T00:00:00Z"
              >
                Oct 30, 2017
              </time>
            </div>
          </td>
          <td
            className="lastSeenColumn"
          >
            <div
              className="cell"
            >
              19 Days ago
            </div>
          </td>
        </tr>
        <tr>
          <td
            className="selectColumn"
          >
            <div
              className="cell"
            >
              <label
                className="checkbox-component"
              >
                <input
                  checked={false}
                  onChange={[Function]}
                  type="checkbox"
                />
                <span
                  className="label"
                />
              </label>
            </div>
          </td>
          <td
            className="nameColumn"
          >
            <div
              className="nti-link-to-path"
              to="#"
            >
              <div
                className="cell"
              >
                <img
                  className="avatar avatar avatar-color-6"
                  src="unresolved-user-avatar.png"
                />
                <div
                  className="userInfo"
                >
                  <span
                    className="username username"
                    rel="author"
                  />
                  <div
                    className="email"
                  />
                </div>
              </div>
            </div>
          </td>
          <td
            className="joinDateColumn"
          >
            <div
              className="cell"
            >
              <time
                className="ntiText"
                dateTime="2017-10-30T00:00:00Z"
              >
                Oct 30, 2017
              </time>
            </div>
          </td>
          <td
            className="lastSeenColumn"
          >
            <div
              className="cell"
            >
              20 Days ago
            </div>
          </td>
        </tr>
        <tr>
          <td
            className="selectColumn"
          >
            <div
              className="cell"
            >
              <label
                className="checkbox-component"
              >
                <input
                  checked={false}
                  onChange={[Function]}
                  type="checkbox"
                />
                <span
                  className="label"
                />
              </label>
            </div>
          </td>
          <td
            className="nameColumn"
          >
            <div
              className="nti-link-to-path"
              to="#"
            >
              <div
                className="cell"
              >
                <img
                  className="avatar avatar avatar-color-6"
                  src="unresolved-user-avatar.png"
                />
                <div
                  className="userInfo"
                >
                  <span
                    className="username username"
                    rel="author"
                  />
                  <div
                    className="email"
                  />
                </div>
              </div>
            </div>
          </td>
          <td
            className="joinDateColumn"
          >
            <div
              className="cell"
            >
              <time
                className="ntiText"
                dateTime="2017-10-30T00:00:00Z"
              >
                Oct 30, 2017
              </time>
            </div>
          </td>
          <td
            className="lastSeenColumn"
          >
            <div
              className="cell"
            >
              21 Days ago
            </div>
          </td>
        </tr>
        <tr>
          <td
            className="selectColumn"
          >
            <div
              className="cell"
            >
              <label
                className="checkbox-component"
              >
                <input
                  checked={false}
                  onChange={[Function]}
                  type="checkbox"
                />
                <span
                  className="label"
                />
              </label>
            </div>
          </td>
          <td
            className="nameColumn"
          >
            <div
              className="nti-link-to-path"
              to="#"
            >
              <div
                className="cell"
              >
                <img
                  className="avatar avatar avatar-color-6"
                  src="unresolved-user-avatar.png"
                />
                <div
                  className="userInfo"
                >
                  <span
                    className="username username"
                    rel="author"
                  />
                  <div
                    className="email"
                  />
                </div>
              </div>
            </div>
          </td>
          <td
            className="joinDateColumn"
          >
            <div
              className="cell"
            >
              <time
                className="ntiText"
                dateTime="2017-10-30T00:00:00Z"
              >
                Oct 30, 2017
              </time>
            </div>
          </td>
          <td
            className="lastSeenColumn"
          >
            <div
              className="cell"
            >
              22 Days ago
            </div>
          </td>
        </tr>
        <tr>
          <td
            className="selectColumn"
          >
            <div
              className="cell"
            >
              <label
                className="checkbox-component"
              >
                <input
                  checked={false}
                  onChange={[Function]}
                  type="checkbox"
                />
                <span
                  className="label"
                />
              </label>
            </div>
          </td>
          <td
            className="nameColumn"
          >
            <div
              className="nti-link-to-path"
              to="#"
            >
              <div
                className="cell"
              >
                <img
                  className="avatar avatar avatar-color-6"
                  src="unresolved-user-avatar.png"
                />
                <div
                  className="userInfo"
                >
                  <span
                    className="username username"
                    rel="author"
                  />
                  <div
                    className="email"
                  />
                </div>
              </div>
            </div>
          </td>
          <td
            className="joinDateColumn"
          >
            <div
              className="cell"
            >
              <time
                className="ntiText"
                dateTime="2017-10-30T00:00:00Z"
              >
                Oct 30, 2017
              </time>
            </div>
          </td>
          <td
            className="lastSeenColumn"
          >
            <div
              className="cell"
            >
              23 Days ago
            </div>
          </td>
        </tr>
        <tr>
          <td
            className="selectColumn"
          >
            <div
              className="cell"
            >
              <label
                className="checkbox-component"
              >
                <input
                  checked={false}
                  onChange={[Function]}
                  type="checkbox"
                />
                <span
                  className="label"
                />
              </label>
            </div>
          </td>
          <td
            className="nameColumn"
          >
            <div
              className="nti-link-to-path"
              to="#"
            >
              <div
                className="cell"
              >
                <img
                  className="avatar avatar avatar-color-6"
                  src="unresolved-user-avatar.png"
                />
                <div
                  className="userInfo"
                >
                  <span
                    className="username username"
                    rel="author"
                  />
                  <div
                    className="email"
                  />
                </div>
              </div>
            </div>
          </td>
          <td
            className="joinDateColumn"
          >
            <div
              className="cell"
            >
              <time
                className="ntiText"
                dateTime="2017-10-30T00:00:00Z"
              >
                Oct 30, 2017
              </time>
            </div>
          </td>
          <td
            className="lastSeenColumn"
          >
            <div
              className="cell"
            >
              24 Days ago
            </div>
          </td>
        </tr>
        <tr>
          <td
            className="selectColumn"
          >
            <div
              className="cell"
            >
              <label
                className="checkbox-component"
              >
                <input
                  checked={false}
                  onChange={[Function]}
                  type="checkbox"
                />
                <span
                  className="label"
                />
              </label>
            </div>
          </td>
          <td
            className="nameColumn"
          >
            <div
              className="nti-link-to-path"
              to="#"
            >
              <div
                className="cell"
              >
                <img
                  className="avatar avatar avatar-color-6"
                  src="unresolved-user-avatar.png"
                />
                <div
                  className="userInfo"
                >
                  <span
                    className="username username"
                    rel="author"
                  />
                  <div
                    className="email"
                  />
                </div>
              </div>
            </div>
          </td>
          <td
            className="joinDateColumn"
          >
            <div
              className="cell"
            >
              <time
                className="ntiText"
                dateTime="2017-10-30T00:00:00Z"
              >
                Oct 30, 2017
              </time>
            </div>
          </td>
          <td
            className="lastSeenColumn"
          >
            <div
              className="cell"
            >
              25 Days ago
            </div>
          </td>
        </tr>
      </tbody>
    </table>
    <div
      className="site-admin-table-pager"
    >
      <div
        className="page selected"
        onClick={[Function]}
      >
        1
      </div>
      <div
        className="page"
        onClick={[Function]}
      >
        2
      </div>
    </div>
  </div>
</div>
`;

exports[`Site admin user admin list (with no items) Basic render test 1`] = `
<div
  className="users-table-container"
>
  <div
    className="empty-state"
  >
    There are no current administrators
  </div>
</div>
`;
