// Jest Snapshot v1, https://goo.gl/fbAQLP

exports[`Site admin user invitations list (with 5 items) Basic render test 1`] = `
<div
  className="users-table-container invitations"
>
  <div>
    <div
      className="header"
    >
      <div
        className="title"
      >
        Invitations
      </div>
      <div
        className="controls"
      >
        <div
          className="button invite-people"
          onClick={[Function]}
        >
          <i
            className="icon-addfriend"
          />
          Invite People
        </div>
      </div>
    </div>
    <table
      className="nti-generic-table"
    >
      <thead>
        <tr>
          <th
            className="select-col"
          >
            <label
              className="checkbox-component"
            >
              <input
                onChange={[Function]}
                type="checkbox"
              />
              <span
                className="label"
              />
            </label>
          </th>
          <th
            className="invite-name-col nti-table-simple-header"
          >
            <div
              className="sortable"
              onClick={[Function]}
            >
              <span>
                Name
              </span>
            </div>
          </th>
          <th
            className="invitedate-col nti-table-simple-header"
          >
            <div
              className="sortable"
              onClick={[Function]}
            >
              <span>
                Invite Date
              </span>
            </div>
          </th>
          <th
            className="rescind-col"
          >
            <div
              className=""
              onClick={[Function]}
            >
              <span />
            </div>
          </th>
        </tr>
      </thead>
      <tbody>
        <tr>
          <td
            className="select-col"
          >
            <div
              className="cell"
            >
              <label
                className="checkbox-component"
              >
                <input
                  checked={false}
                  onChange={[Function]}
                  type="checkbox"
                />
                <span
                  className="label"
                />
              </label>
            </div>
          </td>
          <td
            className="invite-name-col"
          >
            <div
              className="cell"
            >
              <div
                className="user-info"
              >
                <div
                  className="invite-email"
                >
                  test1@blah.com
                </div>
                <div
                  className="invite-type"
                >
                  Administrator
                </div>
              </div>
            </div>
          </td>
          <td
            className="invitedate-col"
          >
            <div
              className="cell"
            >
              <time
                className="value"
                dateTime="2017-10-30T00:00:00-05:00"
              >
                October 30, 2017
              </time>
            </div>
          </td>
          <td
            className="rescind-col"
          >
            <div
              className="cell"
              onClick={[Function]}
            >
              Cancel
            </div>
          </td>
        </tr>
        <tr>
          <td
            className="select-col"
          >
            <div
              className="cell"
            >
              <label
                className="checkbox-component"
              >
                <input
                  checked={false}
                  onChange={[Function]}
                  type="checkbox"
                />
                <span
                  className="label"
                />
              </label>
            </div>
          </td>
          <td
            className="invite-name-col"
          >
            <div
              className="cell"
            >
              <div
                className="user-info"
              >
                <div
                  className="invite-email"
                >
                  test2@blah.com
                </div>
                <div
                  className="invite-type"
                >
                  Learner
                </div>
              </div>
            </div>
          </td>
          <td
            className="invitedate-col"
          >
            <div
              className="cell"
            >
              <time
                className="value"
                dateTime="2017-10-30T00:00:00-05:00"
              >
                October 30, 2017
              </time>
            </div>
          </td>
          <td
            className="rescind-col"
          >
            <div
              className="cell"
              onClick={[Function]}
            >
              Cancel
            </div>
          </td>
        </tr>
        <tr>
          <td
            className="select-col"
          >
            <div
              className="cell"
            >
              <label
                className="checkbox-component"
              >
                <input
                  checked={false}
                  onChange={[Function]}
                  type="checkbox"
                />
                <span
                  className="label"
                />
              </label>
            </div>
          </td>
          <td
            className="invite-name-col"
          >
            <div
              className="cell"
            >
              <div
                className="user-info"
              >
                <div
                  className="invite-email"
                >
                  test3@blah.com
                </div>
                <div
                  className="invite-type"
                >
                  Administrator
                </div>
              </div>
            </div>
          </td>
          <td
            className="invitedate-col"
          >
            <div
              className="cell"
            >
              <time
                className="value"
                dateTime="2017-10-30T00:00:00-05:00"
              >
                October 30, 2017
              </time>
            </div>
          </td>
          <td
            className="rescind-col"
          >
            <div
              className="cell"
              onClick={[Function]}
            >
              Cancel
            </div>
          </td>
        </tr>
        <tr>
          <td
            className="select-col"
          >
            <div
              className="cell"
            >
              <label
                className="checkbox-component"
              >
                <input
                  checked={false}
                  onChange={[Function]}
                  type="checkbox"
                />
                <span
                  className="label"
                />
              </label>
            </div>
          </td>
          <td
            className="invite-name-col"
          >
            <div
              className="cell"
            >
              <div
                className="user-info"
              >
                <div
                  className="invite-email"
                >
                  test4@blah.com
                </div>
                <div
                  className="invite-type"
                >
                  Learner
                </div>
              </div>
            </div>
          </td>
          <td
            className="invitedate-col"
          >
            <div
              className="cell"
            >
              <time
                className="value"
                dateTime="2017-10-30T00:00:00-05:00"
              >
                October 30, 2017
              </time>
            </div>
          </td>
          <td
            className="rescind-col"
          >
            <div
              className="cell"
              onClick={[Function]}
            >
              Cancel
            </div>
          </td>
        </tr>
        <tr>
          <td
            className="select-col"
          >
            <div
              className="cell"
            >
              <label
                className="checkbox-component"
              >
                <input
                  checked={false}
                  onChange={[Function]}
                  type="checkbox"
                />
                <span
                  className="label"
                />
              </label>
            </div>
          </td>
          <td
            className="invite-name-col"
          >
            <div
              className="cell"
            >
              <div
                className="user-info"
              >
                <div
                  className="invite-email"
                >
                  test5@blah.com
                </div>
                <div
                  className="invite-type"
                >
                  Administrator
                </div>
              </div>
            </div>
          </td>
          <td
            className="invitedate-col"
          >
            <div
              className="cell"
            >
              <time
                className="value"
                dateTime="2017-10-30T00:00:00-05:00"
              >
                October 30, 2017
              </time>
            </div>
          </td>
          <td
            className="rescind-col"
          >
            <div
              className="cell"
              onClick={[Function]}
            >
              Cancel
            </div>
          </td>
        </tr>
      </tbody>
    </table>
  </div>
</div>
`;

exports[`Site admin user invitations list (with 25 items) Basic render test 1`] = `
<div
  className="users-table-container invitations"
>
  <div>
    <div
      className="header"
    >
      <div
        className="title"
      >
        Invitations
      </div>
      <div
        className="controls"
      >
        <div
          className="button invite-people"
          onClick={[Function]}
        >
          <i
            className="icon-addfriend"
          />
          Invite People
        </div>
      </div>
    </div>
    <table
      className="nti-generic-table"
    >
      <thead>
        <tr>
          <th
            className="select-col"
          >
            <label
              className="checkbox-component"
            >
              <input
                onChange={[Function]}
                type="checkbox"
              />
              <span
                className="label"
              />
            </label>
          </th>
          <th
            className="invite-name-col nti-table-simple-header"
          >
            <div
              className="sortable"
              onClick={[Function]}
            >
              <span>
                Name
              </span>
            </div>
          </th>
          <th
            className="invitedate-col nti-table-simple-header"
          >
            <div
              className="sortable"
              onClick={[Function]}
            >
              <span>
                Invite Date
              </span>
            </div>
          </th>
          <th
            className="rescind-col"
          >
            <div
              className=""
              onClick={[Function]}
            >
              <span />
            </div>
          </th>
        </tr>
      </thead>
      <tbody>
        <tr>
          <td
            className="select-col"
          >
            <div
              className="cell"
            >
              <label
                className="checkbox-component"
              >
                <input
                  checked={false}
                  onChange={[Function]}
                  type="checkbox"
                />
                <span
                  className="label"
                />
              </label>
            </div>
          </td>
          <td
            className="invite-name-col"
          >
            <div
              className="cell"
            >
              <div
                className="user-info"
              >
                <div
                  className="invite-email"
                >
                  test1@blah.com
                </div>
                <div
                  className="invite-type"
                >
                  Administrator
                </div>
              </div>
            </div>
          </td>
          <td
            className="invitedate-col"
          >
            <div
              className="cell"
            >
              <time
                className="value"
                dateTime="2017-10-30T00:00:00-05:00"
              >
                October 30, 2017
              </time>
            </div>
          </td>
          <td
            className="rescind-col"
          >
            <div
              className="cell"
              onClick={[Function]}
            >
              Cancel
            </div>
          </td>
        </tr>
        <tr>
          <td
            className="select-col"
          >
            <div
              className="cell"
            >
              <label
                className="checkbox-component"
              >
                <input
                  checked={false}
                  onChange={[Function]}
                  type="checkbox"
                />
                <span
                  className="label"
                />
              </label>
            </div>
          </td>
          <td
            className="invite-name-col"
          >
            <div
              className="cell"
            >
              <div
                className="user-info"
              >
                <div
                  className="invite-email"
                >
                  test2@blah.com
                </div>
                <div
                  className="invite-type"
                >
                  Learner
                </div>
              </div>
            </div>
          </td>
          <td
            className="invitedate-col"
          >
            <div
              className="cell"
            >
              <time
                className="value"
                dateTime="2017-10-30T00:00:00-05:00"
              >
                October 30, 2017
              </time>
            </div>
          </td>
          <td
            className="rescind-col"
          >
            <div
              className="cell"
              onClick={[Function]}
            >
              Cancel
            </div>
          </td>
        </tr>
        <tr>
          <td
            className="select-col"
          >
            <div
              className="cell"
            >
              <label
                className="checkbox-component"
              >
                <input
                  checked={false}
                  onChange={[Function]}
                  type="checkbox"
                />
                <span
                  className="label"
                />
              </label>
            </div>
          </td>
          <td
            className="invite-name-col"
          >
            <div
              className="cell"
            >
              <div
                className="user-info"
              >
                <div
                  className="invite-email"
                >
                  test3@blah.com
                </div>
                <div
                  className="invite-type"
                >
                  Administrator
                </div>
              </div>
            </div>
          </td>
          <td
            className="invitedate-col"
          >
            <div
              className="cell"
            >
              <time
                className="value"
                dateTime="2017-10-30T00:00:00-05:00"
              >
                October 30, 2017
              </time>
            </div>
          </td>
          <td
            className="rescind-col"
          >
            <div
              className="cell"
              onClick={[Function]}
            >
              Cancel
            </div>
          </td>
        </tr>
        <tr>
          <td
            className="select-col"
          >
            <div
              className="cell"
            >
              <label
                className="checkbox-component"
              >
                <input
                  checked={false}
                  onChange={[Function]}
                  type="checkbox"
                />
                <span
                  className="label"
                />
              </label>
            </div>
          </td>
          <td
            className="invite-name-col"
          >
            <div
              className="cell"
            >
              <div
                className="user-info"
              >
                <div
                  className="invite-email"
                >
                  test4@blah.com
                </div>
                <div
                  className="invite-type"
                >
                  Learner
                </div>
              </div>
            </div>
          </td>
          <td
            className="invitedate-col"
          >
            <div
              className="cell"
            >
              <time
                className="value"
                dateTime="2017-10-30T00:00:00-05:00"
              >
                October 30, 2017
              </time>
            </div>
          </td>
          <td
            className="rescind-col"
          >
            <div
              className="cell"
              onClick={[Function]}
            >
              Cancel
            </div>
          </td>
        </tr>
        <tr>
          <td
            className="select-col"
          >
            <div
              className="cell"
            >
              <label
                className="checkbox-component"
              >
                <input
                  checked={false}
                  onChange={[Function]}
                  type="checkbox"
                />
                <span
                  className="label"
                />
              </label>
            </div>
          </td>
          <td
            className="invite-name-col"
          >
            <div
              className="cell"
            >
              <div
                className="user-info"
              >
                <div
                  className="invite-email"
                >
                  test5@blah.com
                </div>
                <div
                  className="invite-type"
                >
                  Administrator
                </div>
              </div>
            </div>
          </td>
          <td
            className="invitedate-col"
          >
            <div
              className="cell"
            >
              <time
                className="value"
                dateTime="2017-10-30T00:00:00-05:00"
              >
                October 30, 2017
              </time>
            </div>
          </td>
          <td
            className="rescind-col"
          >
            <div
              className="cell"
              onClick={[Function]}
            >
              Cancel
            </div>
          </td>
        </tr>
        <tr>
          <td
            className="select-col"
          >
            <div
              className="cell"
            >
              <label
                className="checkbox-component"
              >
                <input
                  checked={false}
                  onChange={[Function]}
                  type="checkbox"
                />
                <span
                  className="label"
                />
              </label>
            </div>
          </td>
          <td
            className="invite-name-col"
          >
            <div
              className="cell"
            >
              <div
                className="user-info"
              >
                <div
                  className="invite-email"
                >
                  test6@blah.com
                </div>
                <div
                  className="invite-type"
                >
                  Learner
                </div>
              </div>
            </div>
          </td>
          <td
            className="invitedate-col"
          >
            <div
              className="cell"
            >
              <time
                className="value"
                dateTime="2017-10-30T00:00:00-05:00"
              >
                October 30, 2017
              </time>
            </div>
          </td>
          <td
            className="rescind-col"
          >
            <div
              className="cell"
              onClick={[Function]}
            >
              Cancel
            </div>
          </td>
        </tr>
        <tr>
          <td
            className="select-col"
          >
            <div
              className="cell"
            >
              <label
                className="checkbox-component"
              >
                <input
                  checked={false}
                  onChange={[Function]}
                  type="checkbox"
                />
                <span
                  className="label"
                />
              </label>
            </div>
          </td>
          <td
            className="invite-name-col"
          >
            <div
              className="cell"
            >
              <div
                className="user-info"
              >
                <div
                  className="invite-email"
                >
                  test7@blah.com
                </div>
                <div
                  className="invite-type"
                >
                  Administrator
                </div>
              </div>
            </div>
          </td>
          <td
            className="invitedate-col"
          >
            <div
              className="cell"
            >
              <time
                className="value"
                dateTime="2017-10-30T00:00:00-05:00"
              >
                October 30, 2017
              </time>
            </div>
          </td>
          <td
            className="rescind-col"
          >
            <div
              className="cell"
              onClick={[Function]}
            >
              Cancel
            </div>
          </td>
        </tr>
        <tr>
          <td
            className="select-col"
          >
            <div
              className="cell"
            >
              <label
                className="checkbox-component"
              >
                <input
                  checked={false}
                  onChange={[Function]}
                  type="checkbox"
                />
                <span
                  className="label"
                />
              </label>
            </div>
          </td>
          <td
            className="invite-name-col"
          >
            <div
              className="cell"
            >
              <div
                className="user-info"
              >
                <div
                  className="invite-email"
                >
                  test8@blah.com
                </div>
                <div
                  className="invite-type"
                >
                  Learner
                </div>
              </div>
            </div>
          </td>
          <td
            className="invitedate-col"
          >
            <div
              className="cell"
            >
              <time
                className="value"
                dateTime="2017-10-30T00:00:00-05:00"
              >
                October 30, 2017
              </time>
            </div>
          </td>
          <td
            className="rescind-col"
          >
            <div
              className="cell"
              onClick={[Function]}
            >
              Cancel
            </div>
          </td>
        </tr>
        <tr>
          <td
            className="select-col"
          >
            <div
              className="cell"
            >
              <label
                className="checkbox-component"
              >
                <input
                  checked={false}
                  onChange={[Function]}
                  type="checkbox"
                />
                <span
                  className="label"
                />
              </label>
            </div>
          </td>
          <td
            className="invite-name-col"
          >
            <div
              className="cell"
            >
              <div
                className="user-info"
              >
                <div
                  className="invite-email"
                >
                  test9@blah.com
                </div>
                <div
                  className="invite-type"
                >
                  Administrator
                </div>
              </div>
            </div>
          </td>
          <td
            className="invitedate-col"
          >
            <div
              className="cell"
            >
              <time
                className="value"
                dateTime="2017-10-30T00:00:00-05:00"
              >
                October 30, 2017
              </time>
            </div>
          </td>
          <td
            className="rescind-col"
          >
            <div
              className="cell"
              onClick={[Function]}
            >
              Cancel
            </div>
          </td>
        </tr>
        <tr>
          <td
            className="select-col"
          >
            <div
              className="cell"
            >
              <label
                className="checkbox-component"
              >
                <input
                  checked={false}
                  onChange={[Function]}
                  type="checkbox"
                />
                <span
                  className="label"
                />
              </label>
            </div>
          </td>
          <td
            className="invite-name-col"
          >
            <div
              className="cell"
            >
              <div
                className="user-info"
              >
                <div
                  className="invite-email"
                >
                  test10@blah.com
                </div>
                <div
                  className="invite-type"
                >
                  Learner
                </div>
              </div>
            </div>
          </td>
          <td
            className="invitedate-col"
          >
            <div
              className="cell"
            >
              <time
                className="value"
                dateTime="2017-10-30T00:00:00-05:00"
              >
                October 30, 2017
              </time>
            </div>
          </td>
          <td
            className="rescind-col"
          >
            <div
              className="cell"
              onClick={[Function]}
            >
              Cancel
            </div>
          </td>
        </tr>
        <tr>
          <td
            className="select-col"
          >
            <div
              className="cell"
            >
              <label
                className="checkbox-component"
              >
                <input
                  checked={false}
                  onChange={[Function]}
                  type="checkbox"
                />
                <span
                  className="label"
                />
              </label>
            </div>
          </td>
          <td
            className="invite-name-col"
          >
            <div
              className="cell"
            >
              <div
                className="user-info"
              >
                <div
                  className="invite-email"
                >
                  test11@blah.com
                </div>
                <div
                  className="invite-type"
                >
                  Administrator
                </div>
              </div>
            </div>
          </td>
          <td
            className="invitedate-col"
          >
            <div
              className="cell"
            >
              <time
                className="value"
                dateTime="2017-10-30T00:00:00-05:00"
              >
                October 30, 2017
              </time>
            </div>
          </td>
          <td
            className="rescind-col"
          >
            <div
              className="cell"
              onClick={[Function]}
            >
              Cancel
            </div>
          </td>
        </tr>
        <tr>
          <td
            className="select-col"
          >
            <div
              className="cell"
            >
              <label
                className="checkbox-component"
              >
                <input
                  checked={false}
                  onChange={[Function]}
                  type="checkbox"
                />
                <span
                  className="label"
                />
              </label>
            </div>
          </td>
          <td
            className="invite-name-col"
          >
            <div
              className="cell"
            >
              <div
                className="user-info"
              >
                <div
                  className="invite-email"
                >
                  test12@blah.com
                </div>
                <div
                  className="invite-type"
                >
                  Learner
                </div>
              </div>
            </div>
          </td>
          <td
            className="invitedate-col"
          >
            <div
              className="cell"
            >
              <time
                className="value"
                dateTime="2017-10-30T00:00:00-05:00"
              >
                October 30, 2017
              </time>
            </div>
          </td>
          <td
            className="rescind-col"
          >
            <div
              className="cell"
              onClick={[Function]}
            >
              Cancel
            </div>
          </td>
        </tr>
        <tr>
          <td
            className="select-col"
          >
            <div
              className="cell"
            >
              <label
                className="checkbox-component"
              >
                <input
                  checked={false}
                  onChange={[Function]}
                  type="checkbox"
                />
                <span
                  className="label"
                />
              </label>
            </div>
          </td>
          <td
            className="invite-name-col"
          >
            <div
              className="cell"
            >
              <div
                className="user-info"
              >
                <div
                  className="invite-email"
                >
                  test13@blah.com
                </div>
                <div
                  className="invite-type"
                >
                  Administrator
                </div>
              </div>
            </div>
          </td>
          <td
            className="invitedate-col"
          >
            <div
              className="cell"
            >
              <time
                className="value"
                dateTime="2017-10-30T00:00:00-05:00"
              >
                October 30, 2017
              </time>
            </div>
          </td>
          <td
            className="rescind-col"
          >
            <div
              className="cell"
              onClick={[Function]}
            >
              Cancel
            </div>
          </td>
        </tr>
        <tr>
          <td
            className="select-col"
          >
            <div
              className="cell"
            >
              <label
                className="checkbox-component"
              >
                <input
                  checked={false}
                  onChange={[Function]}
                  type="checkbox"
                />
                <span
                  className="label"
                />
              </label>
            </div>
          </td>
          <td
            className="invite-name-col"
          >
            <div
              className="cell"
            >
              <div
                className="user-info"
              >
                <div
                  className="invite-email"
                >
                  test14@blah.com
                </div>
                <div
                  className="invite-type"
                >
                  Learner
                </div>
              </div>
            </div>
          </td>
          <td
            className="invitedate-col"
          >
            <div
              className="cell"
            >
              <time
                className="value"
                dateTime="2017-10-30T00:00:00-05:00"
              >
                October 30, 2017
              </time>
            </div>
          </td>
          <td
            className="rescind-col"
          >
            <div
              className="cell"
              onClick={[Function]}
            >
              Cancel
            </div>
          </td>
        </tr>
        <tr>
          <td
            className="select-col"
          >
            <div
              className="cell"
            >
              <label
                className="checkbox-component"
              >
                <input
                  checked={false}
                  onChange={[Function]}
                  type="checkbox"
                />
                <span
                  className="label"
                />
              </label>
            </div>
          </td>
          <td
            className="invite-name-col"
          >
            <div
              className="cell"
            >
              <div
                className="user-info"
              >
                <div
                  className="invite-email"
                >
                  test15@blah.com
                </div>
                <div
                  className="invite-type"
                >
                  Administrator
                </div>
              </div>
            </div>
          </td>
          <td
            className="invitedate-col"
          >
            <div
              className="cell"
            >
              <time
                className="value"
                dateTime="2017-10-30T00:00:00-05:00"
              >
                October 30, 2017
              </time>
            </div>
          </td>
          <td
            className="rescind-col"
          >
            <div
              className="cell"
              onClick={[Function]}
            >
              Cancel
            </div>
          </td>
        </tr>
        <tr>
          <td
            className="select-col"
          >
            <div
              className="cell"
            >
              <label
                className="checkbox-component"
              >
                <input
                  checked={false}
                  onChange={[Function]}
                  type="checkbox"
                />
                <span
                  className="label"
                />
              </label>
            </div>
          </td>
          <td
            className="invite-name-col"
          >
            <div
              className="cell"
            >
              <div
                className="user-info"
              >
                <div
                  className="invite-email"
                >
                  test16@blah.com
                </div>
                <div
                  className="invite-type"
                >
                  Learner
                </div>
              </div>
            </div>
          </td>
          <td
            className="invitedate-col"
          >
            <div
              className="cell"
            >
              <time
                className="value"
                dateTime="2017-10-30T00:00:00-05:00"
              >
                October 30, 2017
              </time>
            </div>
          </td>
          <td
            className="rescind-col"
          >
            <div
              className="cell"
              onClick={[Function]}
            >
              Cancel
            </div>
          </td>
        </tr>
        <tr>
          <td
            className="select-col"
          >
            <div
              className="cell"
            >
              <label
                className="checkbox-component"
              >
                <input
                  checked={false}
                  onChange={[Function]}
                  type="checkbox"
                />
                <span
                  className="label"
                />
              </label>
            </div>
          </td>
          <td
            className="invite-name-col"
          >
            <div
              className="cell"
            >
              <div
                className="user-info"
              >
                <div
                  className="invite-email"
                >
                  test17@blah.com
                </div>
                <div
                  className="invite-type"
                >
                  Administrator
                </div>
              </div>
            </div>
          </td>
          <td
            className="invitedate-col"
          >
            <div
              className="cell"
            >
              <time
                className="value"
                dateTime="2017-10-30T00:00:00-05:00"
              >
                October 30, 2017
              </time>
            </div>
          </td>
          <td
            className="rescind-col"
          >
            <div
              className="cell"
              onClick={[Function]}
            >
              Cancel
            </div>
          </td>
        </tr>
        <tr>
          <td
            className="select-col"
          >
            <div
              className="cell"
            >
              <label
                className="checkbox-component"
              >
                <input
                  checked={false}
                  onChange={[Function]}
                  type="checkbox"
                />
                <span
                  className="label"
                />
              </label>
            </div>
          </td>
          <td
            className="invite-name-col"
          >
            <div
              className="cell"
            >
              <div
                className="user-info"
              >
                <div
                  className="invite-email"
                >
                  test18@blah.com
                </div>
                <div
                  className="invite-type"
                >
                  Learner
                </div>
              </div>
            </div>
          </td>
          <td
            className="invitedate-col"
          >
            <div
              className="cell"
            >
              <time
                className="value"
                dateTime="2017-10-30T00:00:00-05:00"
              >
                October 30, 2017
              </time>
            </div>
          </td>
          <td
            className="rescind-col"
          >
            <div
              className="cell"
              onClick={[Function]}
            >
              Cancel
            </div>
          </td>
        </tr>
        <tr>
          <td
            className="select-col"
          >
            <div
              className="cell"
            >
              <label
                className="checkbox-component"
              >
                <input
                  checked={false}
                  onChange={[Function]}
                  type="checkbox"
                />
                <span
                  className="label"
                />
              </label>
            </div>
          </td>
          <td
            className="invite-name-col"
          >
            <div
              className="cell"
            >
              <div
                className="user-info"
              >
                <div
                  className="invite-email"
                >
                  test19@blah.com
                </div>
                <div
                  className="invite-type"
                >
                  Administrator
                </div>
              </div>
            </div>
          </td>
          <td
            className="invitedate-col"
          >
            <div
              className="cell"
            >
              <time
                className="value"
                dateTime="2017-10-30T00:00:00-05:00"
              >
                October 30, 2017
              </time>
            </div>
          </td>
          <td
            className="rescind-col"
          >
            <div
              className="cell"
              onClick={[Function]}
            >
              Cancel
            </div>
          </td>
        </tr>
        <tr>
          <td
            className="select-col"
          >
            <div
              className="cell"
            >
              <label
                className="checkbox-component"
              >
                <input
                  checked={false}
                  onChange={[Function]}
                  type="checkbox"
                />
                <span
                  className="label"
                />
              </label>
            </div>
          </td>
          <td
            className="invite-name-col"
          >
            <div
              className="cell"
            >
              <div
                className="user-info"
              >
                <div
                  className="invite-email"
                >
                  test20@blah.com
                </div>
                <div
                  className="invite-type"
                >
                  Learner
                </div>
              </div>
            </div>
          </td>
          <td
            className="invitedate-col"
          >
            <div
              className="cell"
            >
              <time
                className="value"
                dateTime="2017-10-30T00:00:00-05:00"
              >
                October 30, 2017
              </time>
            </div>
          </td>
          <td
            className="rescind-col"
          >
            <div
              className="cell"
              onClick={[Function]}
            >
              Cancel
            </div>
          </td>
        </tr>
        <tr>
          <td
            className="select-col"
          >
            <div
              className="cell"
            >
              <label
                className="checkbox-component"
              >
                <input
                  checked={false}
                  onChange={[Function]}
                  type="checkbox"
                />
                <span
                  className="label"
                />
              </label>
            </div>
          </td>
          <td
            className="invite-name-col"
          >
            <div
              className="cell"
            >
              <div
                className="user-info"
              >
                <div
                  className="invite-email"
                >
                  test21@blah.com
                </div>
                <div
                  className="invite-type"
                >
                  Administrator
                </div>
              </div>
            </div>
          </td>
          <td
            className="invitedate-col"
          >
            <div
              className="cell"
            >
              <time
                className="value"
                dateTime="2017-10-30T00:00:00-05:00"
              >
                October 30, 2017
              </time>
            </div>
          </td>
          <td
            className="rescind-col"
          >
            <div
              className="cell"
              onClick={[Function]}
            >
              Cancel
            </div>
          </td>
        </tr>
        <tr>
          <td
            className="select-col"
          >
            <div
              className="cell"
            >
              <label
                className="checkbox-component"
              >
                <input
                  checked={false}
                  onChange={[Function]}
                  type="checkbox"
                />
                <span
                  className="label"
                />
              </label>
            </div>
          </td>
          <td
            className="invite-name-col"
          >
            <div
              className="cell"
            >
              <div
                className="user-info"
              >
                <div
                  className="invite-email"
                >
                  test22@blah.com
                </div>
                <div
                  className="invite-type"
                >
                  Learner
                </div>
              </div>
            </div>
          </td>
          <td
            className="invitedate-col"
          >
            <div
              className="cell"
            >
              <time
                className="value"
                dateTime="2017-10-30T00:00:00-05:00"
              >
                October 30, 2017
              </time>
            </div>
          </td>
          <td
            className="rescind-col"
          >
            <div
              className="cell"
              onClick={[Function]}
            >
              Cancel
            </div>
          </td>
        </tr>
        <tr>
          <td
            className="select-col"
          >
            <div
              className="cell"
            >
              <label
                className="checkbox-component"
              >
                <input
                  checked={false}
                  onChange={[Function]}
                  type="checkbox"
                />
                <span
                  className="label"
                />
              </label>
            </div>
          </td>
          <td
            className="invite-name-col"
          >
            <div
              className="cell"
            >
              <div
                className="user-info"
              >
                <div
                  className="invite-email"
                >
                  test23@blah.com
                </div>
                <div
                  className="invite-type"
                >
                  Administrator
                </div>
              </div>
            </div>
          </td>
          <td
            className="invitedate-col"
          >
            <div
              className="cell"
            >
              <time
                className="value"
                dateTime="2017-10-30T00:00:00-05:00"
              >
                October 30, 2017
              </time>
            </div>
          </td>
          <td
            className="rescind-col"
          >
            <div
              className="cell"
              onClick={[Function]}
            >
              Cancel
            </div>
          </td>
        </tr>
        <tr>
          <td
            className="select-col"
          >
            <div
              className="cell"
            >
              <label
                className="checkbox-component"
              >
                <input
                  checked={false}
                  onChange={[Function]}
                  type="checkbox"
                />
                <span
                  className="label"
                />
              </label>
            </div>
          </td>
          <td
            className="invite-name-col"
          >
            <div
              className="cell"
            >
              <div
                className="user-info"
              >
                <div
                  className="invite-email"
                >
                  test24@blah.com
                </div>
                <div
                  className="invite-type"
                >
                  Learner
                </div>
              </div>
            </div>
          </td>
          <td
            className="invitedate-col"
          >
            <div
              className="cell"
            >
              <time
                className="value"
                dateTime="2017-10-30T00:00:00-05:00"
              >
                October 30, 2017
              </time>
            </div>
          </td>
          <td
            className="rescind-col"
          >
            <div
              className="cell"
              onClick={[Function]}
            >
              Cancel
            </div>
          </td>
        </tr>
        <tr>
          <td
            className="select-col"
          >
            <div
              className="cell"
            >
              <label
                className="checkbox-component"
              >
                <input
                  checked={false}
                  onChange={[Function]}
                  type="checkbox"
                />
                <span
                  className="label"
                />
              </label>
            </div>
          </td>
          <td
            className="invite-name-col"
          >
            <div
              className="cell"
            >
              <div
                className="user-info"
              >
                <div
                  className="invite-email"
                >
                  test25@blah.com
                </div>
                <div
                  className="invite-type"
                >
                  Administrator
                </div>
              </div>
            </div>
          </td>
          <td
            className="invitedate-col"
          >
            <div
              className="cell"
            >
              <time
                className="value"
                dateTime="2017-10-30T00:00:00-05:00"
              >
                October 30, 2017
              </time>
            </div>
          </td>
          <td
            className="rescind-col"
          >
            <div
              className="cell"
              onClick={[Function]}
            >
              Cancel
            </div>
          </td>
        </tr>
      </tbody>
    </table>
    <div
      className="site-admin-table-pager"
    >
      <div
        className="page selected"
        onClick={[Function]}
      >
        1
      </div>
      <div
        className="page"
        onClick={[Function]}
      >
        2
      </div>
    </div>
  </div>
</div>
`;

exports[`Site admin user invitations list (with no items) Basic render test 1`] = `
<div
  className="users-table-container invitations"
>
  <div
    className="empty-state"
  >
    There are no outstanding invitations
  </div>
</div>
`;
