// Jest Snapshot v1, https://goo.gl/fbAQLP

exports[`Site admin user invitations list (with no items) Site admin user invitations list (with 0 items) Basic render test 1`] = `
<div
  className="users-table-container invitations"
>
  <div
    className="empty-state"
  >
    There are no outstanding invitations
  </div>
</div>
`;

exports[`Site admin user invitations list (with no items) Site admin user invitations list (with 5 items) Basic render test 1`] = `
<div
  className="users-table-container invitations"
>
  <div>
    <div
      className="header"
    >
      <div
        className="title"
      >
        Invitations
      </div>
      <div
        className="controls"
      >
        <div
          className="button invite-people"
          onClick={[Function]}
        >
          <i
            className="icon-addfriend"
          />
          Invite People
        </div>
      </div>
    </div>
    <table
      className="nti-generic-table"
    >
      <thead>
        <tr>
          <th
            className=""
          >
            <label
              className="checkbox-component"
            >
              <input
                checked={false}
                onChange={[Function]}
                type="checkbox"
              />
              <span
                className="label"
              />
            </label>
          </th>
          <th
            className="nti-table-simple-header"
          >
            <div
              className="sortable"
              onClick={[Function]}
            >
              <span>
                Name
              </span>
            </div>
          </th>
          <th
            className="invite-date-column nti-table-simple-header"
          >
            <div
              className="sortable"
              onClick={[Function]}
            >
              <span>
                Invite Date
              </span>
            </div>
          </th>
          <th
            className=""
          >
            <div
              className=""
              onClick={[Function]}
            >
              <span />
            </div>
          </th>
          <th
            className=""
          >
            <div
              className=""
              onClick={[Function]}
            >
              <span />
            </div>
          </th>
        </tr>
      </thead>
      <tbody>
        <tr>
          <td
            className=""
          >
            <div>
              <label
                className="checkbox-component"
              >
                <input
                  checked={false}
                  onChange={[Function]}
                  type="checkbox"
                />
                <span
                  className="label"
                />
              </label>
            </div>
          </td>
          <td>
            <div
              className="cell"
            >
              <svg
                alt="Avatar for undefined"
                className="avatar avatar-color-7"
                letterbox="black"
                viewBox="0 0 32 32"
              >
                <text
                  textAnchor="middle"
                  x="16px"
                  y="21px"
                >
                  t
                </text>
              </svg>
              <div>
                <div>
                  test1@blah.com
                </div>
                <div>
                  Administrator
                </div>
              </div>
            </div>
          </td>
          <td
            className="invite-date-column"
          >
            <div
              className="cell"
            >
              <time
                dateTime="2017-10-30T00:00:00+00:00"
              >
                Oct 30, 2017
              </time>
            </div>
          </td>
          <td>
            <a
              className="nti-button button resend plain"
              onClick={[Function]}
              onKeyDown={[Function]}
              role="button"
              tabIndex="0"
            >
              Re-send
            </a>
          </td>
          <td>
            <div
              onClick={[Function]}
            >
              Cancel
            </div>
          </td>
        </tr>
        <tr>
          <td
            className=""
          >
            <div>
              <label
                className="checkbox-component"
              >
                <input
                  checked={false}
                  onChange={[Function]}
                  type="checkbox"
                />
                <span
                  className="label"
                />
              </label>
            </div>
          </td>
          <td>
            <div
              className="cell"
            >
              <svg
                alt="Avatar for undefined"
                className="avatar avatar-color-0"
                letterbox="black"
                viewBox="0 0 32 32"
              >
                <text
                  textAnchor="middle"
                  x="16px"
                  y="21px"
                >
                  t
                </text>
              </svg>
              <div>
                <div>
                  test2@blah.com
                </div>
                <div>
                  Learner
                </div>
              </div>
            </div>
          </td>
          <td
            className="invite-date-column"
          >
            <div
              className="cell"
            >
              <time
                dateTime="2017-10-30T00:00:00+00:00"
              >
                Oct 30, 2017
              </time>
            </div>
          </td>
          <td>
            <a
              className="nti-button button resend plain"
              onClick={[Function]}
              onKeyDown={[Function]}
              role="button"
              tabIndex="0"
            >
              Re-send
            </a>
          </td>
          <td>
            <div
              onClick={[Function]}
            >
              Cancel
            </div>
          </td>
        </tr>
        <tr>
          <td
            className=""
          >
            <div>
              <label
                className="checkbox-component"
              >
                <input
                  checked={false}
                  onChange={[Function]}
                  type="checkbox"
                />
                <span
                  className="label"
                />
              </label>
            </div>
          </td>
          <td>
            <div
              className="cell"
            >
              <svg
                alt="Avatar for undefined"
                className="avatar avatar-color-5"
                letterbox="black"
                viewBox="0 0 32 32"
              >
                <text
                  textAnchor="middle"
                  x="16px"
                  y="21px"
                >
                  t
                </text>
              </svg>
              <div>
                <div>
                  test3@blah.com
                </div>
                <div>
                  Administrator
                </div>
              </div>
            </div>
          </td>
          <td
            className="invite-date-column"
          >
            <div
              className="cell"
            >
              <time
                dateTime="2017-10-30T00:00:00+00:00"
              >
                Oct 30, 2017
              </time>
            </div>
          </td>
          <td>
            <a
              className="nti-button button resend plain"
              onClick={[Function]}
              onKeyDown={[Function]}
              role="button"
              tabIndex="0"
            >
              Re-send
            </a>
          </td>
          <td>
            <div
              onClick={[Function]}
            >
              Cancel
            </div>
          </td>
        </tr>
        <tr>
          <td
            className=""
          >
            <div>
              <label
                className="checkbox-component"
              >
                <input
                  checked={false}
                  onChange={[Function]}
                  type="checkbox"
                />
                <span
                  className="label"
                />
              </label>
            </div>
          </td>
          <td>
            <div
              className="cell"
            >
              <svg
                alt="Avatar for undefined"
                className="avatar avatar-color-10"
                letterbox="black"
                viewBox="0 0 32 32"
              >
                <text
                  textAnchor="middle"
                  x="16px"
                  y="21px"
                >
                  t
                </text>
              </svg>
              <div>
                <div>
                  test4@blah.com
                </div>
                <div>
                  Learner
                </div>
              </div>
            </div>
          </td>
          <td
            className="invite-date-column"
          >
            <div
              className="cell"
            >
              <time
                dateTime="2017-10-30T00:00:00+00:00"
              >
                Oct 30, 2017
              </time>
            </div>
          </td>
          <td>
            <a
              className="nti-button button resend plain"
              onClick={[Function]}
              onKeyDown={[Function]}
              role="button"
              tabIndex="0"
            >
              Re-send
            </a>
          </td>
          <td>
            <div
              onClick={[Function]}
            >
              Cancel
            </div>
          </td>
        </tr>
        <tr>
          <td
            className=""
          >
            <div>
              <label
                className="checkbox-component"
              >
                <input
                  checked={false}
                  onChange={[Function]}
                  type="checkbox"
                />
                <span
                  className="label"
                />
              </label>
            </div>
          </td>
          <td>
            <div
              className="cell"
            >
              <svg
                alt="Avatar for undefined"
                className="avatar avatar-color-3"
                letterbox="black"
                viewBox="0 0 32 32"
              >
                <text
                  textAnchor="middle"
                  x="16px"
                  y="21px"
                >
                  t
                </text>
              </svg>
              <div>
                <div>
                  test5@blah.com
                </div>
                <div>
                  Administrator
                </div>
              </div>
            </div>
          </td>
          <td
            className="invite-date-column"
          >
            <div
              className="cell"
            >
              <time
                dateTime="2017-10-30T00:00:00+00:00"
              >
                Oct 30, 2017
              </time>
            </div>
          </td>
          <td>
            <a
              className="nti-button button resend plain"
              onClick={[Function]}
              onKeyDown={[Function]}
              role="button"
              tabIndex="0"
            >
              Re-send
            </a>
          </td>
          <td>
            <div
              onClick={[Function]}
            >
              Cancel
            </div>
          </td>
        </tr>
      </tbody>
    </table>
  </div>
</div>
`;

exports[`Site admin user invitations list (with no items) Site admin user invitations list (with 25 items) Basic render test 1`] = `
<div
  className="users-table-container invitations"
>
  <div>
    <div
      className="header"
    >
      <div
        className="title"
      >
        Invitations
      </div>
      <div
        className="controls"
      >
        <div
          className="button invite-people"
          onClick={[Function]}
        >
          <i
            className="icon-addfriend"
          />
          Invite People
        </div>
      </div>
    </div>
    <table
      className="nti-generic-table"
    >
      <thead>
        <tr>
          <th
            className=""
          >
            <label
              className="checkbox-component"
            >
              <input
                checked={false}
                onChange={[Function]}
                type="checkbox"
              />
              <span
                className="label"
              />
            </label>
          </th>
          <th
            className="nti-table-simple-header"
          >
            <div
              className="sortable"
              onClick={[Function]}
            >
              <span>
                Name
              </span>
            </div>
          </th>
          <th
            className="invite-date-column nti-table-simple-header"
          >
            <div
              className="sortable"
              onClick={[Function]}
            >
              <span>
                Invite Date
              </span>
            </div>
          </th>
          <th
            className=""
          >
            <div
              className=""
              onClick={[Function]}
            >
              <span />
            </div>
          </th>
          <th
            className=""
          >
            <div
              className=""
              onClick={[Function]}
            >
              <span />
            </div>
          </th>
        </tr>
      </thead>
      <tbody>
        <tr>
          <td
            className=""
          >
            <div>
              <label
                className="checkbox-component"
              >
                <input
                  checked={false}
                  onChange={[Function]}
                  type="checkbox"
                />
                <span
                  className="label"
                />
              </label>
            </div>
          </td>
          <td>
            <div
              className="cell"
            >
              <svg
                alt="Avatar for undefined"
                className="avatar avatar-color-7"
                letterbox="black"
                viewBox="0 0 32 32"
              >
                <text
                  textAnchor="middle"
                  x="16px"
                  y="21px"
                >
                  t
                </text>
              </svg>
              <div>
                <div>
                  test1@blah.com
                </div>
                <div>
                  Administrator
                </div>
              </div>
            </div>
          </td>
          <td
            className="invite-date-column"
          >
            <div
              className="cell"
            >
              <time
                dateTime="2017-10-30T00:00:00+00:00"
              >
                Oct 30, 2017
              </time>
            </div>
          </td>
          <td>
            <a
              className="nti-button button resend plain"
              onClick={[Function]}
              onKeyDown={[Function]}
              role="button"
              tabIndex="0"
            >
              Re-send
            </a>
          </td>
          <td>
            <div
              onClick={[Function]}
            >
              Cancel
            </div>
          </td>
        </tr>
        <tr>
          <td
            className=""
          >
            <div>
              <label
                className="checkbox-component"
              >
                <input
                  checked={false}
                  onChange={[Function]}
                  type="checkbox"
                />
                <span
                  className="label"
                />
              </label>
            </div>
          </td>
          <td>
            <div
              className="cell"
            >
              <svg
                alt="Avatar for undefined"
                className="avatar avatar-color-0"
                letterbox="black"
                viewBox="0 0 32 32"
              >
                <text
                  textAnchor="middle"
                  x="16px"
                  y="21px"
                >
                  t
                </text>
              </svg>
              <div>
                <div>
                  test2@blah.com
                </div>
                <div>
                  Learner
                </div>
              </div>
            </div>
          </td>
          <td
            className="invite-date-column"
          >
            <div
              className="cell"
            >
              <time
                dateTime="2017-10-30T00:00:00+00:00"
              >
                Oct 30, 2017
              </time>
            </div>
          </td>
          <td>
            <a
              className="nti-button button resend plain"
              onClick={[Function]}
              onKeyDown={[Function]}
              role="button"
              tabIndex="0"
            >
              Re-send
            </a>
          </td>
          <td>
            <div
              onClick={[Function]}
            >
              Cancel
            </div>
          </td>
        </tr>
        <tr>
          <td
            className=""
          >
            <div>
              <label
                className="checkbox-component"
              >
                <input
                  checked={false}
                  onChange={[Function]}
                  type="checkbox"
                />
                <span
                  className="label"
                />
              </label>
            </div>
          </td>
          <td>
            <div
              className="cell"
            >
              <svg
                alt="Avatar for undefined"
                className="avatar avatar-color-5"
                letterbox="black"
                viewBox="0 0 32 32"
              >
                <text
                  textAnchor="middle"
                  x="16px"
                  y="21px"
                >
                  t
                </text>
              </svg>
              <div>
                <div>
                  test3@blah.com
                </div>
                <div>
                  Administrator
                </div>
              </div>
            </div>
          </td>
          <td
            className="invite-date-column"
          >
            <div
              className="cell"
            >
              <time
                dateTime="2017-10-30T00:00:00+00:00"
              >
                Oct 30, 2017
              </time>
            </div>
          </td>
          <td>
            <a
              className="nti-button button resend plain"
              onClick={[Function]}
              onKeyDown={[Function]}
              role="button"
              tabIndex="0"
            >
              Re-send
            </a>
          </td>
          <td>
            <div
              onClick={[Function]}
            >
              Cancel
            </div>
          </td>
        </tr>
        <tr>
          <td
            className=""
          >
            <div>
              <label
                className="checkbox-component"
              >
                <input
                  checked={false}
                  onChange={[Function]}
                  type="checkbox"
                />
                <span
                  className="label"
                />
              </label>
            </div>
          </td>
          <td>
            <div
              className="cell"
            >
              <svg
                alt="Avatar for undefined"
                className="avatar avatar-color-10"
                letterbox="black"
                viewBox="0 0 32 32"
              >
                <text
                  textAnchor="middle"
                  x="16px"
                  y="21px"
                >
                  t
                </text>
              </svg>
              <div>
                <div>
                  test4@blah.com
                </div>
                <div>
                  Learner
                </div>
              </div>
            </div>
          </td>
          <td
            className="invite-date-column"
          >
            <div
              className="cell"
            >
              <time
                dateTime="2017-10-30T00:00:00+00:00"
              >
                Oct 30, 2017
              </time>
            </div>
          </td>
          <td>
            <a
              className="nti-button button resend plain"
              onClick={[Function]}
              onKeyDown={[Function]}
              role="button"
              tabIndex="0"
            >
              Re-send
            </a>
          </td>
          <td>
            <div
              onClick={[Function]}
            >
              Cancel
            </div>
          </td>
        </tr>
        <tr>
          <td
            className=""
          >
            <div>
              <label
                className="checkbox-component"
              >
                <input
                  checked={false}
                  onChange={[Function]}
                  type="checkbox"
                />
                <span
                  className="label"
                />
              </label>
            </div>
          </td>
          <td>
            <div
              className="cell"
            >
              <svg
                alt="Avatar for undefined"
                className="avatar avatar-color-3"
                letterbox="black"
                viewBox="0 0 32 32"
              >
                <text
                  textAnchor="middle"
                  x="16px"
                  y="21px"
                >
                  t
                </text>
              </svg>
              <div>
                <div>
                  test5@blah.com
                </div>
                <div>
                  Administrator
                </div>
              </div>
            </div>
          </td>
          <td
            className="invite-date-column"
          >
            <div
              className="cell"
            >
              <time
                dateTime="2017-10-30T00:00:00+00:00"
              >
                Oct 30, 2017
              </time>
            </div>
          </td>
          <td>
            <a
              className="nti-button button resend plain"
              onClick={[Function]}
              onKeyDown={[Function]}
              role="button"
              tabIndex="0"
            >
              Re-send
            </a>
          </td>
          <td>
            <div
              onClick={[Function]}
            >
              Cancel
            </div>
          </td>
        </tr>
        <tr>
          <td
            className=""
          >
            <div>
              <label
                className="checkbox-component"
              >
                <input
                  checked={false}
                  onChange={[Function]}
                  type="checkbox"
                />
                <span
                  className="label"
                />
              </label>
            </div>
          </td>
          <td>
            <div
              className="cell"
            >
              <svg
                alt="Avatar for undefined"
                className="avatar avatar-color-8"
                letterbox="black"
                viewBox="0 0 32 32"
              >
                <text
                  textAnchor="middle"
                  x="16px"
                  y="21px"
                >
                  t
                </text>
              </svg>
              <div>
                <div>
                  test6@blah.com
                </div>
                <div>
                  Learner
                </div>
              </div>
            </div>
          </td>
          <td
            className="invite-date-column"
          >
            <div
              className="cell"
            >
              <time
                dateTime="2017-10-30T00:00:00+00:00"
              >
                Oct 30, 2017
              </time>
            </div>
          </td>
          <td>
            <a
              className="nti-button button resend plain"
              onClick={[Function]}
              onKeyDown={[Function]}
              role="button"
              tabIndex="0"
            >
              Re-send
            </a>
          </td>
          <td>
            <div
              onClick={[Function]}
            >
              Cancel
            </div>
          </td>
        </tr>
        <tr>
          <td
            className=""
          >
            <div>
              <label
                className="checkbox-component"
              >
                <input
                  checked={false}
                  onChange={[Function]}
                  type="checkbox"
                />
                <span
                  className="label"
                />
              </label>
            </div>
          </td>
          <td>
            <div
              className="cell"
            >
              <svg
                alt="Avatar for undefined"
                className="avatar avatar-color-1"
                letterbox="black"
                viewBox="0 0 32 32"
              >
                <text
                  textAnchor="middle"
                  x="16px"
                  y="21px"
                >
                  t
                </text>
              </svg>
              <div>
                <div>
                  test7@blah.com
                </div>
                <div>
                  Administrator
                </div>
              </div>
            </div>
          </td>
          <td
            className="invite-date-column"
          >
            <div
              className="cell"
            >
              <time
                dateTime="2017-10-30T00:00:00+00:00"
              >
                Oct 30, 2017
              </time>
            </div>
          </td>
          <td>
            <a
              className="nti-button button resend plain"
              onClick={[Function]}
              onKeyDown={[Function]}
              role="button"
              tabIndex="0"
            >
              Re-send
            </a>
          </td>
          <td>
            <div
              onClick={[Function]}
            >
              Cancel
            </div>
          </td>
        </tr>
        <tr>
          <td
            className=""
          >
            <div>
              <label
                className="checkbox-component"
              >
                <input
                  checked={false}
                  onChange={[Function]}
                  type="checkbox"
                />
                <span
                  className="label"
                />
              </label>
            </div>
          </td>
          <td>
            <div
              className="cell"
            >
              <svg
                alt="Avatar for undefined"
                className="avatar avatar-color-6"
                letterbox="black"
                viewBox="0 0 32 32"
              >
                <text
                  textAnchor="middle"
                  x="16px"
                  y="21px"
                >
                  t
                </text>
              </svg>
              <div>
                <div>
                  test8@blah.com
                </div>
                <div>
                  Learner
                </div>
              </div>
            </div>
          </td>
          <td
            className="invite-date-column"
          >
            <div
              className="cell"
            >
              <time
                dateTime="2017-10-30T00:00:00+00:00"
              >
                Oct 30, 2017
              </time>
            </div>
          </td>
          <td>
            <a
              className="nti-button button resend plain"
              onClick={[Function]}
              onKeyDown={[Function]}
              role="button"
              tabIndex="0"
            >
              Re-send
            </a>
          </td>
          <td>
            <div
              onClick={[Function]}
            >
              Cancel
            </div>
          </td>
        </tr>
        <tr>
          <td
            className=""
          >
            <div>
              <label
                className="checkbox-component"
              >
                <input
                  checked={false}
                  onChange={[Function]}
                  type="checkbox"
                />
                <span
                  className="label"
                />
              </label>
            </div>
          </td>
          <td>
            <div
              className="cell"
            >
              <svg
                alt="Avatar for undefined"
                className="avatar avatar-color-11"
                letterbox="black"
                viewBox="0 0 32 32"
              >
                <text
                  textAnchor="middle"
                  x="16px"
                  y="21px"
                >
                  t
                </text>
              </svg>
              <div>
                <div>
                  test9@blah.com
                </div>
                <div>
                  Administrator
                </div>
              </div>
            </div>
          </td>
          <td
            className="invite-date-column"
          >
            <div
              className="cell"
            >
              <time
                dateTime="2017-10-30T00:00:00+00:00"
              >
                Oct 30, 2017
              </time>
            </div>
          </td>
          <td>
            <a
              className="nti-button button resend plain"
              onClick={[Function]}
              onKeyDown={[Function]}
              role="button"
              tabIndex="0"
            >
              Re-send
            </a>
          </td>
          <td>
            <div
              onClick={[Function]}
            >
              Cancel
            </div>
          </td>
        </tr>
        <tr>
          <td
            className=""
          >
            <div>
              <label
                className="checkbox-component"
              >
                <input
                  checked={false}
                  onChange={[Function]}
                  type="checkbox"
                />
                <span
                  className="label"
                />
              </label>
            </div>
          </td>
          <td>
            <div
              className="cell"
            >
              <svg
                alt="Avatar for undefined"
                className="avatar avatar-color-9"
                letterbox="black"
                viewBox="0 0 32 32"
              >
                <text
                  textAnchor="middle"
                  x="16px"
                  y="21px"
                >
                  t
                </text>
              </svg>
              <div>
                <div>
                  test10@blah.com
                </div>
                <div>
                  Learner
                </div>
              </div>
            </div>
          </td>
          <td
            className="invite-date-column"
          >
            <div
              className="cell"
            >
              <time
                dateTime="2017-10-30T00:00:00+00:00"
              >
                Oct 30, 2017
              </time>
            </div>
          </td>
          <td>
            <a
              className="nti-button button resend plain"
              onClick={[Function]}
              onKeyDown={[Function]}
              role="button"
              tabIndex="0"
            >
              Re-send
            </a>
          </td>
          <td>
            <div
              onClick={[Function]}
            >
              Cancel
            </div>
          </td>
        </tr>
        <tr>
          <td
            className=""
          >
            <div>
              <label
                className="checkbox-component"
              >
                <input
                  checked={false}
                  onChange={[Function]}
                  type="checkbox"
                />
                <span
                  className="label"
                />
              </label>
            </div>
          </td>
          <td>
            <div
              className="cell"
            >
              <svg
                alt="Avatar for undefined"
                className="avatar avatar-color-2"
                letterbox="black"
                viewBox="0 0 32 32"
              >
                <text
                  textAnchor="middle"
                  x="16px"
                  y="21px"
                >
                  t
                </text>
              </svg>
              <div>
                <div>
                  test11@blah.com
                </div>
                <div>
                  Administrator
                </div>
              </div>
            </div>
          </td>
          <td
            className="invite-date-column"
          >
            <div
              className="cell"
            >
              <time
                dateTime="2017-10-30T00:00:00+00:00"
              >
                Oct 30, 2017
              </time>
            </div>
          </td>
          <td>
            <a
              className="nti-button button resend plain"
              onClick={[Function]}
              onKeyDown={[Function]}
              role="button"
              tabIndex="0"
            >
              Re-send
            </a>
          </td>
          <td>
            <div
              onClick={[Function]}
            >
              Cancel
            </div>
          </td>
        </tr>
        <tr>
          <td
            className=""
          >
            <div>
              <label
                className="checkbox-component"
              >
                <input
                  checked={false}
                  onChange={[Function]}
                  type="checkbox"
                />
                <span
                  className="label"
                />
              </label>
            </div>
          </td>
          <td>
            <div
              className="cell"
            >
              <svg
                alt="Avatar for undefined"
                className="avatar avatar-color-9"
                letterbox="black"
                viewBox="0 0 32 32"
              >
                <text
                  textAnchor="middle"
                  x="16px"
                  y="21px"
                >
                  t
                </text>
              </svg>
              <div>
                <div>
                  test12@blah.com
                </div>
                <div>
                  Learner
                </div>
              </div>
            </div>
          </td>
          <td
            className="invite-date-column"
          >
            <div
              className="cell"
            >
              <time
                dateTime="2017-10-30T00:00:00+00:00"
              >
                Oct 30, 2017
              </time>
            </div>
          </td>
          <td>
            <a
              className="nti-button button resend plain"
              onClick={[Function]}
              onKeyDown={[Function]}
              role="button"
              tabIndex="0"
            >
              Re-send
            </a>
          </td>
          <td>
            <div
              onClick={[Function]}
            >
              Cancel
            </div>
          </td>
        </tr>
        <tr>
          <td
            className=""
          >
            <div>
              <label
                className="checkbox-component"
              >
                <input
                  checked={false}
                  onChange={[Function]}
                  type="checkbox"
                />
                <span
                  className="label"
                />
              </label>
            </div>
          </td>
          <td>
            <div
              className="cell"
            >
              <svg
                alt="Avatar for undefined"
                className="avatar avatar-color-4"
                letterbox="black"
                viewBox="0 0 32 32"
              >
                <text
                  textAnchor="middle"
                  x="16px"
                  y="21px"
                >
                  t
                </text>
              </svg>
              <div>
                <div>
                  test13@blah.com
                </div>
                <div>
                  Administrator
                </div>
              </div>
            </div>
          </td>
          <td
            className="invite-date-column"
          >
            <div
              className="cell"
            >
              <time
                dateTime="2017-10-30T00:00:00+00:00"
              >
                Oct 30, 2017
              </time>
            </div>
          </td>
          <td>
            <a
              className="nti-button button resend plain"
              onClick={[Function]}
              onKeyDown={[Function]}
              role="button"
              tabIndex="0"
            >
              Re-send
            </a>
          </td>
          <td>
            <div
              onClick={[Function]}
            >
              Cancel
            </div>
          </td>
        </tr>
        <tr>
          <td
            className=""
          >
            <div>
              <label
                className="checkbox-component"
              >
                <input
                  checked={false}
                  onChange={[Function]}
                  type="checkbox"
                />
                <span
                  className="label"
                />
              </label>
            </div>
          </td>
          <td>
            <div
              className="cell"
            >
              <svg
                alt="Avatar for undefined"
                className="avatar avatar-color-11"
                letterbox="black"
                viewBox="0 0 32 32"
              >
                <text
                  textAnchor="middle"
                  x="16px"
                  y="21px"
                >
                  t
                </text>
              </svg>
              <div>
                <div>
                  test14@blah.com
                </div>
                <div>
                  Learner
                </div>
              </div>
            </div>
          </td>
          <td
            className="invite-date-column"
          >
            <div
              className="cell"
            >
              <time
                dateTime="2017-10-30T00:00:00+00:00"
              >
                Oct 30, 2017
              </time>
            </div>
          </td>
          <td>
            <a
              className="nti-button button resend plain"
              onClick={[Function]}
              onKeyDown={[Function]}
              role="button"
              tabIndex="0"
            >
              Re-send
            </a>
          </td>
          <td>
            <div
              onClick={[Function]}
            >
              Cancel
            </div>
          </td>
        </tr>
        <tr>
          <td
            className=""
          >
            <div>
              <label
                className="checkbox-component"
              >
                <input
                  checked={false}
                  onChange={[Function]}
                  type="checkbox"
                />
                <span
                  className="label"
                />
              </label>
            </div>
          </td>
          <td>
            <div
              className="cell"
            >
              <svg
                alt="Avatar for undefined"
                className="avatar avatar-color-6"
                letterbox="black"
                viewBox="0 0 32 32"
              >
                <text
                  textAnchor="middle"
                  x="16px"
                  y="21px"
                >
                  t
                </text>
              </svg>
              <div>
                <div>
                  test15@blah.com
                </div>
                <div>
                  Administrator
                </div>
              </div>
            </div>
          </td>
          <td
            className="invite-date-column"
          >
            <div
              className="cell"
            >
              <time
                dateTime="2017-10-30T00:00:00+00:00"
              >
                Oct 30, 2017
              </time>
            </div>
          </td>
          <td>
            <a
              className="nti-button button resend plain"
              onClick={[Function]}
              onKeyDown={[Function]}
              role="button"
              tabIndex="0"
            >
              Re-send
            </a>
          </td>
          <td>
            <div
              onClick={[Function]}
            >
              Cancel
            </div>
          </td>
        </tr>
        <tr>
          <td
            className=""
          >
            <div>
              <label
                className="checkbox-component"
              >
                <input
                  checked={false}
                  onChange={[Function]}
                  type="checkbox"
                />
                <span
                  className="label"
                />
              </label>
            </div>
          </td>
          <td>
            <div
              className="cell"
            >
              <svg
                alt="Avatar for undefined"
                className="avatar avatar-color-1"
                letterbox="black"
                viewBox="0 0 32 32"
              >
                <text
                  textAnchor="middle"
                  x="16px"
                  y="21px"
                >
                  t
                </text>
              </svg>
              <div>
                <div>
                  test16@blah.com
                </div>
                <div>
                  Learner
                </div>
              </div>
            </div>
          </td>
          <td
            className="invite-date-column"
          >
            <div
              className="cell"
            >
              <time
                dateTime="2017-10-30T00:00:00+00:00"
              >
                Oct 30, 2017
              </time>
            </div>
          </td>
          <td>
            <a
              className="nti-button button resend plain"
              onClick={[Function]}
              onKeyDown={[Function]}
              role="button"
              tabIndex="0"
            >
              Re-send
            </a>
          </td>
          <td>
            <div
              onClick={[Function]}
            >
              Cancel
            </div>
          </td>
        </tr>
        <tr>
          <td
            className=""
          >
            <div>
              <label
                className="checkbox-component"
              >
                <input
                  checked={false}
                  onChange={[Function]}
                  type="checkbox"
                />
                <span
                  className="label"
                />
              </label>
            </div>
          </td>
          <td>
            <div
              className="cell"
            >
              <svg
                alt="Avatar for undefined"
                className="avatar avatar-color-8"
                letterbox="black"
                viewBox="0 0 32 32"
              >
                <text
                  textAnchor="middle"
                  x="16px"
                  y="21px"
                >
                  t
                </text>
              </svg>
              <div>
                <div>
                  test17@blah.com
                </div>
                <div>
                  Administrator
                </div>
              </div>
            </div>
          </td>
          <td
            className="invite-date-column"
          >
            <div
              className="cell"
            >
              <time
                dateTime="2017-10-30T00:00:00+00:00"
              >
                Oct 30, 2017
              </time>
            </div>
          </td>
          <td>
            <a
              className="nti-button button resend plain"
              onClick={[Function]}
              onKeyDown={[Function]}
              role="button"
              tabIndex="0"
            >
              Re-send
            </a>
          </td>
          <td>
            <div
              onClick={[Function]}
            >
              Cancel
            </div>
          </td>
        </tr>
        <tr>
          <td
            className=""
          >
            <div>
              <label
                className="checkbox-component"
              >
                <input
                  checked={false}
                  onChange={[Function]}
                  type="checkbox"
                />
                <span
                  className="label"
                />
              </label>
            </div>
          </td>
          <td>
            <div
              className="cell"
            >
              <svg
                alt="Avatar for undefined"
                className="avatar avatar-color-3"
                letterbox="black"
                viewBox="0 0 32 32"
              >
                <text
                  textAnchor="middle"
                  x="16px"
                  y="21px"
                >
                  t
                </text>
              </svg>
              <div>
                <div>
                  test18@blah.com
                </div>
                <div>
                  Learner
                </div>
              </div>
            </div>
          </td>
          <td
            className="invite-date-column"
          >
            <div
              className="cell"
            >
              <time
                dateTime="2017-10-30T00:00:00+00:00"
              >
                Oct 30, 2017
              </time>
            </div>
          </td>
          <td>
            <a
              className="nti-button button resend plain"
              onClick={[Function]}
              onKeyDown={[Function]}
              role="button"
              tabIndex="0"
            >
              Re-send
            </a>
          </td>
          <td>
            <div
              onClick={[Function]}
            >
              Cancel
            </div>
          </td>
        </tr>
        <tr>
          <td
            className=""
          >
            <div>
              <label
                className="checkbox-component"
              >
                <input
                  checked={false}
                  onChange={[Function]}
                  type="checkbox"
                />
                <span
                  className="label"
                />
              </label>
            </div>
          </td>
          <td>
            <div
              className="cell"
            >
              <svg
                alt="Avatar for undefined"
                className="avatar avatar-color-10"
                letterbox="black"
                viewBox="0 0 32 32"
              >
                <text
                  textAnchor="middle"
                  x="16px"
                  y="21px"
                >
                  t
                </text>
              </svg>
              <div>
                <div>
                  test19@blah.com
                </div>
                <div>
                  Administrator
                </div>
              </div>
            </div>
          </td>
          <td
            className="invite-date-column"
          >
            <div
              className="cell"
            >
              <time
                dateTime="2017-10-30T00:00:00+00:00"
              >
                Oct 30, 2017
              </time>
            </div>
          </td>
          <td>
            <a
              className="nti-button button resend plain"
              onClick={[Function]}
              onKeyDown={[Function]}
              role="button"
              tabIndex="0"
            >
              Re-send
            </a>
          </td>
          <td>
            <div
              onClick={[Function]}
            >
              Cancel
            </div>
          </td>
        </tr>
        <tr>
          <td
            className=""
          >
            <div>
              <label
                className="checkbox-component"
              >
                <input
                  checked={false}
                  onChange={[Function]}
                  type="checkbox"
                />
                <span
                  className="label"
                />
              </label>
            </div>
          </td>
          <td>
            <div
              className="cell"
            >
              <svg
                alt="Avatar for undefined"
                className="avatar avatar-color-0"
                letterbox="black"
                viewBox="0 0 32 32"
              >
                <text
                  textAnchor="middle"
                  x="16px"
                  y="21px"
                >
                  t
                </text>
              </svg>
              <div>
                <div>
                  test20@blah.com
                </div>
                <div>
                  Learner
                </div>
              </div>
            </div>
          </td>
          <td
            className="invite-date-column"
          >
            <div
              className="cell"
            >
              <time
                dateTime="2017-10-30T00:00:00+00:00"
              >
                Oct 30, 2017
              </time>
            </div>
          </td>
          <td>
            <a
              className="nti-button button resend plain"
              onClick={[Function]}
              onKeyDown={[Function]}
              role="button"
              tabIndex="0"
            >
              Re-send
            </a>
          </td>
          <td>
            <div
              onClick={[Function]}
            >
              Cancel
            </div>
          </td>
        </tr>
        <tr>
          <td
            className=""
          >
            <div>
              <label
                className="checkbox-component"
              >
                <input
                  checked={false}
                  onChange={[Function]}
                  type="checkbox"
                />
                <span
                  className="label"
                />
              </label>
            </div>
          </td>
          <td>
            <div
              className="cell"
            >
              <svg
                alt="Avatar for undefined"
                className="avatar avatar-color-7"
                letterbox="black"
                viewBox="0 0 32 32"
              >
                <text
                  textAnchor="middle"
                  x="16px"
                  y="21px"
                >
                  t
                </text>
              </svg>
              <div>
                <div>
                  test21@blah.com
                </div>
                <div>
                  Administrator
                </div>
              </div>
            </div>
          </td>
          <td
            className="invite-date-column"
          >
            <div
              className="cell"
            >
              <time
                dateTime="2017-10-30T00:00:00+00:00"
              >
                Oct 30, 2017
              </time>
            </div>
          </td>
          <td>
            <a
              className="nti-button button resend plain"
              onClick={[Function]}
              onKeyDown={[Function]}
              role="button"
              tabIndex="0"
            >
              Re-send
            </a>
          </td>
          <td>
            <div
              onClick={[Function]}
            >
              Cancel
            </div>
          </td>
        </tr>
        <tr>
          <td
            className=""
          >
            <div>
              <label
                className="checkbox-component"
              >
                <input
                  checked={false}
                  onChange={[Function]}
                  type="checkbox"
                />
                <span
                  className="label"
                />
              </label>
            </div>
          </td>
          <td>
            <div
              className="cell"
            >
              <svg
                alt="Avatar for undefined"
                className="avatar avatar-color-2"
                letterbox="black"
                viewBox="0 0 32 32"
              >
                <text
                  textAnchor="middle"
                  x="16px"
                  y="21px"
                >
                  t
                </text>
              </svg>
              <div>
                <div>
                  test22@blah.com
                </div>
                <div>
                  Learner
                </div>
              </div>
            </div>
          </td>
          <td
            className="invite-date-column"
          >
            <div
              className="cell"
            >
              <time
                dateTime="2017-10-30T00:00:00+00:00"
              >
                Oct 30, 2017
              </time>
            </div>
          </td>
          <td>
            <a
              className="nti-button button resend plain"
              onClick={[Function]}
              onKeyDown={[Function]}
              role="button"
              tabIndex="0"
            >
              Re-send
            </a>
          </td>
          <td>
            <div
              onClick={[Function]}
            >
              Cancel
            </div>
          </td>
        </tr>
        <tr>
          <td
            className=""
          >
            <div>
              <label
                className="checkbox-component"
              >
                <input
                  checked={false}
                  onChange={[Function]}
                  type="checkbox"
                />
                <span
                  className="label"
                />
              </label>
            </div>
          </td>
          <td>
            <div
              className="cell"
            >
              <svg
                alt="Avatar for undefined"
                className="avatar avatar-color-9"
                letterbox="black"
                viewBox="0 0 32 32"
              >
                <text
                  textAnchor="middle"
                  x="16px"
                  y="21px"
                >
                  t
                </text>
              </svg>
              <div>
                <div>
                  test23@blah.com
                </div>
                <div>
                  Administrator
                </div>
              </div>
            </div>
          </td>
          <td
            className="invite-date-column"
          >
            <div
              className="cell"
            >
              <time
                dateTime="2017-10-30T00:00:00+00:00"
              >
                Oct 30, 2017
              </time>
            </div>
          </td>
          <td>
            <a
              className="nti-button button resend plain"
              onClick={[Function]}
              onKeyDown={[Function]}
              role="button"
              tabIndex="0"
            >
              Re-send
            </a>
          </td>
          <td>
            <div
              onClick={[Function]}
            >
              Cancel
            </div>
          </td>
        </tr>
        <tr>
          <td
            className=""
          >
            <div>
              <label
                className="checkbox-component"
              >
                <input
                  checked={false}
                  onChange={[Function]}
                  type="checkbox"
                />
                <span
                  className="label"
                />
              </label>
            </div>
          </td>
          <td>
            <div
              className="cell"
            >
              <svg
                alt="Avatar for undefined"
                className="avatar avatar-color-8"
                letterbox="black"
                viewBox="0 0 32 32"
              >
                <text
                  textAnchor="middle"
                  x="16px"
                  y="21px"
                >
                  t
                </text>
              </svg>
              <div>
                <div>
                  test24@blah.com
                </div>
                <div>
                  Learner
                </div>
              </div>
            </div>
          </td>
          <td
            className="invite-date-column"
          >
            <div
              className="cell"
            >
              <time
                dateTime="2017-10-30T00:00:00+00:00"
              >
                Oct 30, 2017
              </time>
            </div>
          </td>
          <td>
            <a
              className="nti-button button resend plain"
              onClick={[Function]}
              onKeyDown={[Function]}
              role="button"
              tabIndex="0"
            >
              Re-send
            </a>
          </td>
          <td>
            <div
              onClick={[Function]}
            >
              Cancel
            </div>
          </td>
        </tr>
        <tr>
          <td
            className=""
          >
            <div>
              <label
                className="checkbox-component"
              >
                <input
                  checked={false}
                  onChange={[Function]}
                  type="checkbox"
                />
                <span
                  className="label"
                />
              </label>
            </div>
          </td>
          <td>
            <div
              className="cell"
            >
              <svg
                alt="Avatar for undefined"
                className="avatar avatar-color-1"
                letterbox="black"
                viewBox="0 0 32 32"
              >
                <text
                  textAnchor="middle"
                  x="16px"
                  y="21px"
                >
                  t
                </text>
              </svg>
              <div>
                <div>
                  test25@blah.com
                </div>
                <div>
                  Administrator
                </div>
              </div>
            </div>
          </td>
          <td
            className="invite-date-column"
          >
            <div
              className="cell"
            >
              <time
                dateTime="2017-10-30T00:00:00+00:00"
              >
                Oct 30, 2017
              </time>
            </div>
          </td>
          <td>
            <a
              className="nti-button button resend plain"
              onClick={[Function]}
              onKeyDown={[Function]}
              role="button"
              tabIndex="0"
            >
              Re-send
            </a>
          </td>
          <td>
            <div
              onClick={[Function]}
            >
              Cancel
            </div>
          </td>
        </tr>
      </tbody>
    </table>
    <div
      className="site-admin-table-pager"
    >
      <div
        className="page selected"
        onClick={[Function]}
      >
        1
      </div>
      <div
        className="page"
        onClick={[Function]}
      >
        2
      </div>
    </div>
  </div>
</div>
`;
