// Jest Snapshot v1, https://goo.gl/fbAQLP

exports[`Site admin user book frame test Basic render test 1`] = `
<div
  className="site-admin-course-view"
>
  <div
    className="nav-content-container"
  >
    <div
      className="nav-content-nav nav-bar"
    >
      <div
        className="header"
      >
        <div
          className="nti-link-to-path"
          to="site-admin.content.content-list-books"
        >
          <i
            className="icon-chevron-left"
          />
          <span>
            Back to Books
          </span>
        </div>
      </div>
      <div
        className="site-admin-card site-admin-course-nav-bar"
      >
        <div
          className="site-admin-course-identity"
        >
          <img
            className="course-icon"
            src=""
          />
          <div
            className="info"
          >
            <div
              className="label"
            />
            <div
              className="title"
            >
              abc
            </div>
          </div>
        </div>
        <ul
          className="site-admin-tabs"
        >
          <li>
            <div
              className="nti-link-to-path"
              exact={true}
              to="./"
            >
              Overview
            </div>
          </li>
          <li>
            <div
              className="nti-link-to-path"
              to="./roster"
            >
              Roster
            </div>
          </li>
          <li>
            <div
              className="nti-link-to-path"
              to="./reports"
            >
              Reports
            </div>
          </li>
        </ul>
      </div>
    </div>
    <div
      className="nav-content-content content"
    />
  </div>
</div>
`;
